Component: ARM Compiler 5.06 update 6 (build 750) Tool: armlink [4d35ed]

==============================================================================

Section Cross References

    main.o(i.main) refers to delay.o(i.Delay_Init) for Delay_Init
    main.o(i.main) refers to led.o(i.LED_Init) for LED_Init
    main.o(i.main) refers to key.o(i.KEY_Init) for KEY_Init
    main.o(i.main) refers to motordrive.o(i.GPIO_Configuration) for GPIO_Configuration
    main.o(i.main) refers to i2c.o(i.I2C_Configuration) for I2C_Configuration
    main.o(i.main) refers to i2c.o(i.OLED_Init) for OLED_Init
    main.o(i.main) refers to i2c.o(i.OLED_CLS) for OLED_CLS
    main.o(i.main) refers to input.o(i.Input_Init) for Input_Init
    main.o(i.main) refers to key.o(i.User_KEY_Init) for User_KEY_Init
    main.o(i.main) refers to delay.o(i.Delay_ms) for Delay_ms
    main.o(i.main) refers to motordrive.o(i.TIM8_PWM_Init) for TIM8_PWM_Init
    main.o(i.main) refers to servo.o(i.TIM1_PWM_Init) for TIM1_PWM_Init
    main.o(i.main) refers to eeprom.o(i.STMFLASH_Read) for STMFLASH_Read
    main.o(i.main) refers to atoi.o(.text) for atoi
    main.o(i.main) refers to action.o(i.Input_display) for Input_display
    main.o(i.main) refers to action.o(i.Input_data) for Input_data
    main.o(i.main) refers to action.o(i.Shooting_go) for Shooting_go
    main.o(i.main) refers to action.o(i.Swallowing) for Swallowing
    main.o(i.main) refers to action.o(.data) for data_1_char
    stm32f10x_it.o(i.SysTick_Handler) refers to delay.o(i.TimingDelay_Decrement) for TimingDelay_Decrement
    delay.o(i.Delay_Init) refers to system_stm32f10x.o(.data) for SystemCoreClock
    delay.o(i.Delay_ms) refers to delay.o(.data) for TimingDelay
    delay.o(i.TimingDelay_Decrement) refers to delay.o(.data) for TimingDelay
    key.o(i.KEY_Init) refers to stm32f10x_rcc.o(i.RCC_APB2PeriphClockCmd) for RCC_APB2PeriphClockCmd
    key.o(i.KEY_Init) refers to stm32f10x_gpio.o(i.GPIO_Init) for GPIO_Init
    key.o(i.KEY_Scan) refers to stm32f10x_gpio.o(i.GPIO_ReadInputDataBit) for GPIO_ReadInputDataBit
    key.o(i.KEY_Scan) refers to delay.o(i.Delay_ms) for Delay_ms
    key.o(i.User_KEY_Init) refers to stm32f10x_rcc.o(i.RCC_APB2PeriphClockCmd) for RCC_APB2PeriphClockCmd
    key.o(i.User_KEY_Init) refers to stm32f10x_gpio.o(i.GPIO_Init) for GPIO_Init
    key.o(i.User_KEY_Scan_1) refers to stm32f10x_gpio.o(i.GPIO_ReadInputDataBit) for GPIO_ReadInputDataBit
    key.o(i.User_KEY_Scan_1) refers to delay.o(i.Delay_ms) for Delay_ms
    key.o(i.User_KEY_Scan_1) refers to key.o(.data) for key_up
    key.o(i.User_KEY_Scan_2) refers to stm32f10x_gpio.o(i.GPIO_ReadInputDataBit) for GPIO_ReadInputDataBit
    key.o(i.User_KEY_Scan_2) refers to delay.o(i.Delay_ms) for Delay_ms
    key.o(i.User_KEY_Scan_2) refers to key.o(.data) for key_up
    key.o(i.User_KEY_Scan_3) refers to stm32f10x_gpio.o(i.GPIO_ReadInputDataBit) for GPIO_ReadInputDataBit
    key.o(i.User_KEY_Scan_3) refers to delay.o(i.Delay_ms) for Delay_ms
    key.o(i.User_KEY_Scan_3) refers to key.o(.data) for key_up
    led.o(i.LED_Init) refers to stm32f10x_rcc.o(i.RCC_APB2PeriphClockCmd) for RCC_APB2PeriphClockCmd
    led.o(i.LED_Init) refers to stm32f10x_gpio.o(i.GPIO_Init) for GPIO_Init
    led.o(i.LED_Init) refers to stm32f10x_gpio.o(i.GPIO_ResetBits) for GPIO_ResetBits
    usart.o(i.USART_GPIO_Config) refers to stm32f10x_rcc.o(i.RCC_APB2PeriphClockCmd) for RCC_APB2PeriphClockCmd
    usart.o(i.USART_GPIO_Config) refers to stm32f10x_gpio.o(i.GPIO_Init) for GPIO_Init
    usart.o(i.Usart_Config) refers to stm32f10x_rcc.o(i.RCC_APB2PeriphClockCmd) for RCC_APB2PeriphClockCmd
    usart.o(i.Usart_Config) refers to usart.o(i.USART_GPIO_Config) for USART_GPIO_Config
    usart.o(i.Usart_Config) refers to stm32f10x_usart.o(i.USART_Init) for USART_Init
    usart.o(i.Usart_Config) refers to stm32f10x_usart.o(i.USART_Cmd) for USART_Cmd
    usart.o(i.fputc) refers to stm32f10x_usart.o(i.USART_SendData) for USART_SendData
    usart.o(i.fputc) refers to stm32f10x_usart.o(i.USART_GetFlagStatus) for USART_GetFlagStatus
    motordrive.o(i.GPIO_Configuration) refers to stm32f10x_rcc.o(i.RCC_APB2PeriphClockCmd) for RCC_APB2PeriphClockCmd
    motordrive.o(i.GPIO_Configuration) refers to stm32f10x_gpio.o(i.GPIO_PinRemapConfig) for GPIO_PinRemapConfig
    motordrive.o(i.GPIO_Configuration) refers to stm32f10x_gpio.o(i.GPIO_Init) for GPIO_Init
    motordrive.o(i.GPIO_Configuration) refers to stm32f10x_gpio.o(i.GPIO_SetBits) for GPIO_SetBits
    motordrive.o(i.TIM8_PWM_Init) refers to stm32f10x_rcc.o(i.RCC_APB2PeriphClockCmd) for RCC_APB2PeriphClockCmd
    motordrive.o(i.TIM8_PWM_Init) refers to stm32f10x_gpio.o(i.GPIO_Init) for GPIO_Init
    motordrive.o(i.TIM8_PWM_Init) refers to stm32f10x_tim.o(i.TIM_TimeBaseInit) for TIM_TimeBaseInit
    motordrive.o(i.TIM8_PWM_Init) refers to stm32f10x_tim.o(i.TIM_OC1Init) for TIM_OC1Init
    motordrive.o(i.TIM8_PWM_Init) refers to stm32f10x_tim.o(i.TIM_OC1PreloadConfig) for TIM_OC1PreloadConfig
[...]
    dfixui.o(.text) refers (Special) to iusefp.o(.text) for __I$use$fp
    dfixui.o(.text) refers to llushr.o(.text) for __aeabi_llsr
    entry2.o(.ARM.Collect$$$$00000001) refers to entry2.o(.ARM.Collect$$$$00002712) for __lit__00000000
    entry2.o(.ARM.Collect$$$$00002712) refers to startup_stm32f10x_hd.o(STACK) for __initial_sp
    entry2.o(__vectab_stack_and_reset_area) refers to startup_stm32f10x_hd.o(STACK) for __initial_sp
    entry2.o(__vectab_stack_and_reset_area) refers to entry.o(.ARM.Collect$$$$00000000) for __main
    entry5.o(.ARM.Collect$$$$00000004) refers to init.o(.text) for __scatterload
    entry9a.o(.ARM.Collect$$$$0000000B) refers to main.o(i.main) for main
    entry9b.o(.ARM.Collect$$$$0000000C) refers to main.o(i.main) for main
    errno.o(i.__aeabi_errno_addr) refers to errno.o(.data) for .data
    errno.o(i.__read_errno) refers to errno.o(.data) for .data
    errno.o(i.__set_errno) refers to errno.o(.data) for .data
    strtol.o(.text) refers to ctype_o.o(.text) for __rt_ctype_table
    strtol.o(.text) refers to _strtoul.o(.text) for _strtoul
    strtol.o(.text) refers to errno.o(i.__aeabi_errno_addr) for __aeabi_errno_addr
    depilogue.o(.text) refers to llshl.o(.text) for __aeabi_llsl
    depilogue.o(.text) refers to llushr.o(.text) for __aeabi_llsr
    init.o(.text) refers to entry5.o(.ARM.Collect$$$$00000004) for __main_after_scatterload
    ctype_o.o(.text) refers to ctype_o.o(.constdata) for .constdata
    ctype_o.o(.constdata) refers to ctype_o.o(.constdata) for __ctype_table
    isalnum_o.o(.text) refers to ctype_o.o(.text) for __rt_ctype_table
    isalpha_o.o(.text) refers to ctype_o.o(.text) for __rt_ctype_table
    isblank_o.o(.text) refers to ctype_o.o(.constdata) for __ctype_table
    iscntrl_o.o(.text) refers to ctype_o.o(.text) for __rt_ctype_table
    isdigit_o.o(.text) refers to ctype_o.o(.text) for __rt_ctype_table
    isgraph_o.o(.text) refers to ctype_o.o(.text) for __rt_ctype_table
    islower_o.o(.text) refers to ctype_o.o(.text) for __rt_ctype_table
    isprint_o.o(.text) refers to ctype_o.o(.text) for __rt_ctype_table
    ispunct_o.o(.text) refers to ctype_o.o(.text) for __rt_ctype_table
    isspace_o.o(.text) refers to ctype_o.o(.text) for __rt_ctype_table
    isupper_o.o(.text) refers to ctype_o.o(.text) for __rt_ctype_table
    isxdigit_o.o(.text) refers to ctype_o.o(.text) for __rt_ctype_table
    _strtoul.o(.text) refers to _chval.o(.text) for _chval
    _strtoul.o(.text) refers to errno.o(i.__aeabi_errno_addr) for __aeabi_errno_addr


==============================================================================

Removing Unused input sections from the image.

    Removing key.o(i.KEY_Scan), (56 bytes).
    Removing usart.o(i.USART_GPIO_Config), (68 bytes).
    Removing usart.o(i.Usart_Config), (68 bytes).
    Removing usart.o(i.fputc), (36 bytes).
    Removing i2c.o(i.OLED_DrawBMP), (116 bytes).
    Removing i2c.o(i.OLED_OFF), (22 bytes).
    Removing i2c.o(i.OLED_ON), (22 bytes).
    Removing eeprom.o(i.Test_Write), (16 bytes).
    Removing action.o(i.Catching_servo_close), (12 bytes).
    Removing action.o(i.Catching_servo_open), (12 bytes).
    Removing action.o(i.Filp_servo_down), (12 bytes).
    Removing action.o(i.Flip_servo_up), (12 bytes).
    Removing action.o(i.Raising_servo_down), (12 bytes).
    Removing action.o(i.Raising_servo_up), (12 bytes).
    Removing action.o(i.Shooting_prepare), (108 bytes).
    Removing startup_stm32f10x_hd.o(HEAP), (512 bytes).
    Removing system_stm32f10x.o(i.SystemCoreClockUpdate), (164 bytes).
    Removing misc.o(i.NVIC_Init), (112 bytes).
    Removing misc.o(i.NVIC_PriorityGroupConfig), (20 bytes).
    Removing misc.o(i.NVIC_SetVectorTable), (20 bytes).
    Removing misc.o(i.NVIC_SystemLPConfig), (32 bytes).
    Removing misc.o(i.SysTick_CLKSourceConfig), (40 bytes).
    Removing stm32f10x_gpio.o(i.GPIO_AFIODeInit), (20 bytes).
    Removing stm32f10x_gpio.o(i.GPIO_DeInit), (200 bytes).
    Removing stm32f10x_gpio.o(i.GPIO_ETH_MediaInterfaceConfig), (12 bytes).
    Removing stm32f10x_gpio.o(i.GPIO_EXTILineConfig), (64 bytes).
    Removing stm32f10x_gpio.o(i.GPIO_EventOutputCmd), (12 bytes).
    Removing stm32f10x_gpio.o(i.GPIO_EventOutputConfig), (32 bytes).
    Removing stm32f10x_gpio.o(i.GPIO_PinLockConfig), (18 bytes).
    Removing stm32f10x_gpio.o(i.GPIO_ReadInputData), (8 bytes).
    Removing stm32f10x_gpio.o(i.GPIO_ReadOutputData), (8 bytes).
    Removing stm32f10x_gpio.o(i.GPIO_ReadOutputDataBit), (18 bytes).
    Removing stm32f10x_gpio.o(i.GPIO_StructInit), (16 bytes).
    Removing stm32f10x_gpio.o(i.GPIO_Write), (4 bytes).
    Removing stm32f10x_gpio.o(i.GPIO_WriteBit), (10 bytes).
    Removing stm32f10x_rcc.o(i.RCC_ADCCLKConfig), (24 bytes).
    Removing stm32f10x_rcc.o(i.RCC_AHBPeriphClockCmd), (32 bytes).
    Removing stm32f10x_rcc.o(i.RCC_APB2PeriphResetCmd), (32 bytes).
    Removing stm32f10x_rcc.o(i.RCC_AdjustHSICalibrationValue), (24 bytes).
    Removing stm32f10x_rcc.o(i.RCC_BackupResetCmd), (12 bytes).
    Removing stm32f10x_rcc.o(i.RCC_ClearFlag), (20 bytes).
    Removing stm32f10x_rcc.o(i.RCC_ClearITPendingBit), (12 bytes).
    Removing stm32f10x_rcc.o(i.RCC_ClockSecuritySystemCmd), (12 bytes).
    Removing stm32f10x_rcc.o(i.RCC_DeInit), (76 bytes).
    Removing stm32f10x_rcc.o(i.RCC_GetFlagStatus), (60 bytes).
    Removing stm32f10x_rcc.o(i.RCC_GetITStatus), (24 bytes).
    Removing stm32f10x_rcc.o(i.RCC_GetSYSCLKSource), (16 bytes).
    Removing stm32f10x_rcc.o(i.RCC_HCLKConfig), (24 bytes).
    Removing stm32f10x_rcc.o(i.RCC_HSEConfig), (76 bytes).
    Removing stm32f10x_rcc.o(i.RCC_HSICmd), (12 bytes).
    Removing stm32f10x_rcc.o(i.RCC_ITConfig), (32 bytes).
    Removing stm32f10x_rcc.o(i.RCC_LSEConfig), (52 bytes).
    Removing stm32f10x_rcc.o(i.RCC_LSICmd), (12 bytes).
    Removing stm32f10x_rcc.o(i.RCC_MCOConfig), (12 bytes).
    Removing stm32f10x_rcc.o(i.RCC_PCLK1Config), (24 bytes).
    Removing stm32f10x_rcc.o(i.RCC_PCLK2Config), (24 bytes).
    Removing stm32f10x_rcc.o(i.RCC_PLLCmd), (12 bytes).
    Removing stm32f10x_rcc.o(i.RCC_PLLConfig), (28 bytes).
    Removing stm32f10x_rcc.o(i.RCC_RTCCLKCmd), (12 bytes).
    Removing stm32f10x_rcc.o(i.RCC_RTCCLKConfig), (16 bytes).
    Removing stm32f10x_rcc.o(i.RCC_SYSCLKConfig), (24 bytes).
    Removing stm32f10x_rcc.o(i.RCC_USBCLKConfig), (12 bytes).
    Removing stm32f10x_rcc.o(i.RCC_WaitForHSEStartUp), (56 bytes).
    Removing stm32f10x_usart.o(i.USART_ClearFlag), (18 bytes).
    Removing stm32f10x_usart.o(i.USART_ClearITPendingBit), (30 bytes).
    Removing stm32f10x_usart.o(i.USART_ClockInit), (34 bytes).
    Removing stm32f10x_usart.o(i.USART_ClockStructInit), (12 bytes).
    Removing stm32f10x_usart.o(i.USART_Cmd), (24 bytes).
    Removing stm32f10x_usart.o(i.USART_DMACmd), (18 bytes).
    Removing stm32f10x_usart.o(i.USART_DeInit), (156 bytes).
    Removing stm32f10x_usart.o(i.USART_GetFlagStatus), (26 bytes).
    Removing stm32f10x_usart.o(i.USART_GetITStatus), (84 bytes).
    Removing stm32f10x_usart.o(i.USART_HalfDuplexCmd), (24 bytes).
    Removing stm32f10x_usart.o(i.USART_ITConfig), (74 bytes).
    Removing stm32f10x_usart.o(i.USART_Init), (216 bytes).
    Removing stm32f10x_usart.o(i.USART_IrDACmd), (24 bytes).
    Removing stm32f10x_usart.o(i.USART_IrDAConfig), (18 bytes).
    Removing stm32f10x_usart.o(i.USART_LINBreakDetectLengthConfig), (18 bytes).
    Removing stm32f10x_usart.o(i.USART_LINCmd), (24 bytes).
    Removing stm32f10x_usart.o(i.USART_OneBitMethodCmd), (24 bytes).
    Removing stm32f10x_usart.o(i.USART_OverSampling8Cmd), (22 bytes).
    Removing stm32f10x_usart.o(i.USART_ReceiveData), (10 bytes).
    Removing stm32f10x_usart.o(i.USART_ReceiverWakeUpCmd), (24 bytes).
    Removing stm32f10x_usart.o(i.USART_SendBreak), (10 bytes).
    Removing stm32f10x_usart.o(i.USART_SendData), (8 bytes).
    Removing stm32f10x_usart.o(i.USART_SetAddress), (18 bytes).
    Removing stm32f10x_usart.o(i.USART_SetGuardTime), (16 bytes).
    Removing stm32f10x_usart.o(i.USART_SetPrescaler), (16 bytes).
    Removing stm32f10x_usart.o(i.USART_SmartCardCmd), (24 bytes).
    Removing stm32f10x_usart.o(i.USART_SmartCardNACKCmd), (24 bytes).
    Removing stm32f10x_usart.o(i.USART_StructInit), (24 bytes).
    Removing stm32f10x_usart.o(i.USART_WakeUpConfig), (18 bytes).
    Removing stm32f10x_adc.o(i.ADC_AnalogWatchdogCmd), (20 bytes).
    Removing stm32f10x_adc.o(i.ADC_AnalogWatchdogSingleChannelConfig), (16 bytes).
    Removing stm32f10x_adc.o(i.ADC_AnalogWatchdogThresholdsConfig), (6 bytes).
    Removing stm32f10x_adc.o(i.ADC_AutoInjectedConvCmd), (22 bytes).
    Removing stm32f10x_adc.o(i.ADC_ClearFlag), (6 bytes).
    Removing stm32f10x_adc.o(i.ADC_ClearITPendingBit), (10 bytes).
    Removing stm32f10x_adc.o(i.ADC_Cmd), (22 bytes).
    Removing stm32f10x_adc.o(i.ADC_DMACmd), (22 bytes).
    Removing stm32f10x_adc.o(i.ADC_DeInit), (92 bytes).
    Removing stm32f10x_adc.o(i.ADC_DiscModeChannelCountConfig), (24 bytes).
    Removing stm32f10x_adc.o(i.ADC_DiscModeCmd), (22 bytes).
    Removing stm32f10x_adc.o(i.ADC_ExternalTrigConvCmd), (22 bytes).
    Removing stm32f10x_adc.o(i.ADC_ExternalTrigInjectedConvCmd), (22 bytes).
    Removing stm32f10x_adc.o(i.ADC_ExternalTrigInjectedConvConfig), (16 bytes).
    Removing stm32f10x_adc.o(i.ADC_GetCalibrationStatus), (20 bytes).
    Removing stm32f10x_adc.o(i.ADC_GetConversionValue), (8 bytes).
    Removing stm32f10x_adc.o(i.ADC_GetDualModeConversionValue), (12 bytes).
    Removing stm32f10x_adc.o(i.ADC_GetFlagStatus), (18 bytes).
    Removing stm32f10x_adc.o(i.ADC_GetITStatus), (36 bytes).
    Removing stm32f10x_adc.o(i.ADC_GetInjectedConversionValue), (28 bytes).
    Removing stm32f10x_adc.o(i.ADC_GetResetCalibrationStatus), (20 bytes).
    Removing stm32f10x_adc.o(i.ADC_GetSoftwareStartConvStatus), (20 bytes).
    Removing stm32f10x_adc.o(i.ADC_GetSoftwareStartInjectedConvCmdStatus), (20 bytes).
    Removing stm32f10x_adc.o(i.ADC_ITConfig), (24 bytes).
    Removing stm32f10x_adc.o(i.ADC_Init), (80 bytes).
    Removing stm32f10x_adc.o(i.ADC_InjectedChannelConfig), (130 bytes).
    Removing stm32f10x_adc.o(i.ADC_InjectedDiscModeCmd), (22 bytes).
    Removing stm32f10x_adc.o(i.ADC_InjectedSequencerLengthConfig), (24 bytes).
    Removing stm32f10x_adc.o(i.ADC_RegularChannelConfig), (184 bytes).
    Removing stm32f10x_adc.o(i.ADC_ResetCalibration), (10 bytes).
    Removing stm32f10x_adc.o(i.ADC_SetInjectedOffset), (20 bytes).
    Removing stm32f10x_adc.o(i.ADC_SoftwareStartConvCmd), (22 bytes).
    Removing stm32f10x_adc.o(i.ADC_SoftwareStartInjectedConvCmd), (22 bytes).
    Removing stm32f10x_adc.o(i.ADC_StartCalibration), (10 bytes).
    Removing stm32f10x_adc.o(i.ADC_StructInit), (18 bytes).
    Removing stm32f10x_adc.o(i.ADC_TempSensorVrefintCmd), (36 bytes).
    Removing stm32f10x_bkp.o(i.BKP_ClearFlag), (20 bytes).
    Removing stm32f10x_bkp.o(i.BKP_ClearITPendingBit), (20 bytes).
    Removing stm32f10x_bkp.o(i.BKP_DeInit), (16 bytes).
    Removing stm32f10x_bkp.o(i.BKP_GetFlagStatus), (12 bytes).
    Removing stm32f10x_bkp.o(i.BKP_GetITStatus), (12 bytes).
    Removing stm32f10x_bkp.o(i.BKP_ITConfig), (12 bytes).
    Removing stm32f10x_bkp.o(i.BKP_RTCOutputConfig), (28 bytes).
    Removing stm32f10x_bkp.o(i.BKP_ReadBackupRegister), (28 bytes).
    Removing stm32f10x_bkp.o(i.BKP_SetRTCCalibrationValue), (28 bytes).
    Removing stm32f10x_bkp.o(i.BKP_TamperPinCmd), (12 bytes).
    Removing stm32f10x_bkp.o(i.BKP_TamperPinLevelConfig), (12 bytes).
    Removing stm32f10x_bkp.o(i.BKP_WriteBackupRegister), (28 bytes).
    Removing stm32f10x_can.o(i.CAN_CancelTransmit), (48 bytes).
    Removing stm32f10x_can.o(i.CAN_ClearFlag), (56 bytes).
    Removing stm32f10x_can.o(i.CAN_ClearITPendingBit), (168 bytes).
    Removing stm32f10x_can.o(i.CAN_DBGFreeze), (22 bytes).
    Removing stm32f10x_can.o(i.CAN_DeInit), (56 bytes).
    Removing stm32f10x_can.o(i.CAN_FIFORelease), (22 bytes).
    Removing stm32f10x_can.o(i.CAN_FilterInit), (264 bytes).
    Removing stm32f10x_can.o(i.CAN_GetFlagStatus), (120 bytes).
    Removing stm32f10x_can.o(i.CAN_GetITStatus), (288 bytes).
    Removing stm32f10x_can.o(i.CAN_GetLSBTransmitErrorCounter), (12 bytes).
    Removing stm32f10x_can.o(i.CAN_GetLastErrorCode), (12 bytes).
    Removing stm32f10x_can.o(i.CAN_GetReceiveErrorCounter), (10 bytes).
    Removing stm32f10x_can.o(i.CAN_ITConfig), (18 bytes).
    Removing stm32f10x_can.o(i.CAN_Init), (276 bytes).
    Removing stm32f10x_can.o(i.CAN_MessagePending), (30 bytes).
    Removing stm32f10x_can.o(i.CAN_OperatingModeRequest), (162 bytes).
    Removing stm32f10x_can.o(i.CAN_Receive), (240 bytes).
    Removing stm32f10x_can.o(i.CAN_SlaveStartBank), (52 bytes).
    Removing stm32f10x_can.o(i.CAN_Sleep), (30 bytes).
    Removing stm32f10x_can.o(i.CAN_StructInit), (32 bytes).
    Removing stm32f10x_can.o(i.CAN_TTComModeCmd), (118 bytes).
    Removing stm32f10x_can.o(i.CAN_Transmit), (294 bytes).
    Removing stm32f10x_can.o(i.CAN_TransmitStatus), (160 bytes).
    Removing stm32f10x_can.o(i.CAN_WakeUp), (48 bytes).
    Removing stm32f10x_can.o(i.CheckITStatus), (18 bytes).
    Removing stm32f10x_cec.o(i.CEC_ClearFlag), (36 bytes).
    Removing stm32f10x_cec.o(i.CEC_ClearITPendingBit), (36 bytes).
    Removing stm32f10x_cec.o(i.CEC_Cmd), (32 bytes).
    Removing stm32f10x_cec.o(i.CEC_DeInit), (22 bytes).
    Removing stm32f10x_cec.o(i.CEC_EndOfMessageCmd), (12 bytes).
    Removing stm32f10x_cec.o(i.CEC_GetFlagStatus), (48 bytes).
    Removing stm32f10x_cec.o(i.CEC_GetITStatus), (40 bytes).
    Removing stm32f10x_cec.o(i.CEC_ITConfig), (12 bytes).
    Removing stm32f10x_cec.o(i.CEC_Init), (32 bytes).
    Removing stm32f10x_cec.o(i.CEC_OwnAddressConfig), (12 bytes).
    Removing stm32f10x_cec.o(i.CEC_ReceiveDataByte), (12 bytes).
    Removing stm32f10x_cec.o(i.CEC_SendDataByte), (12 bytes).
    Removing stm32f10x_cec.o(i.CEC_SetPrescaler), (12 bytes).
    Removing stm32f10x_cec.o(i.CEC_StartOfMessage), (12 bytes).
    Removing stm32f10x_crc.o(i.CRC_CalcBlockCRC), (36 bytes).
    Removing stm32f10x_crc.o(i.CRC_CalcCRC), (16 bytes).
    Removing stm32f10x_crc.o(i.CRC_GetCRC), (12 bytes).
    Removing stm32f10x_crc.o(i.CRC_GetIDRegister), (12 bytes).
    Removing stm32f10x_crc.o(i.CRC_ResetDR), (12 bytes).
    Removing stm32f10x_crc.o(i.CRC_SetIDRegister), (12 bytes).
    Removing stm32f10x_dac.o(i.DAC_Cmd), (40 bytes).
    Removing stm32f10x_dac.o(i.DAC_DMACmd), (44 bytes).
    Removing stm32f10x_dac.o(i.DAC_DeInit), (22 bytes).
    Removing stm32f10x_dac.o(i.DAC_DualSoftwareTriggerCmd), (36 bytes).
    Removing stm32f10x_dac.o(i.DAC_GetDataOutputValue), (36 bytes).
    Removing stm32f10x_dac.o(i.DAC_Init), (52 bytes).
    Removing stm32f10x_dac.o(i.DAC_SetChannel1Data), (32 bytes).
    Removing stm32f10x_dac.o(i.DAC_SetChannel2Data), (32 bytes).
    Removing stm32f10x_dac.o(i.DAC_SetDualChannelData), (36 bytes).
    Removing stm32f10x_dac.o(i.DAC_SoftwareTriggerCmd), (44 bytes).
    Removing stm32f10x_dac.o(i.DAC_StructInit), (12 bytes).
    Removing stm32f10x_dac.o(i.DAC_WaveGenerationCmd), (40 bytes).
    Removing stm32f10x_dbgmcu.o(i.DBGMCU_Config), (32 bytes).
    Removing stm32f10x_dbgmcu.o(i.DBGMCU_GetDEVID), (16 bytes).
    Removing stm32f10x_dbgmcu.o(i.DBGMCU_GetREVID), (12 bytes).
    Removing stm32f10x_dma.o(i.DMA_ClearFlag), (28 bytes).
    Removing stm32f10x_dma.o(i.DMA_ClearITPendingBit), (28 bytes).
    Removing stm32f10x_dma.o(i.DMA_Cmd), (24 bytes).
    Removing stm32f10x_dma.o(i.DMA_DeInit), (332 bytes).
    Removing stm32f10x_dma.o(i.DMA_GetCurrDataCounter), (8 bytes).
    Removing stm32f10x_dma.o(i.DMA_GetFlagStatus), (44 bytes).
    Removing stm32f10x_dma.o(i.DMA_GetITStatus), (44 bytes).
    Removing stm32f10x_dma.o(i.DMA_ITConfig), (18 bytes).
    Removing stm32f10x_dma.o(i.DMA_Init), (60 bytes).
    Removing stm32f10x_dma.o(i.DMA_SetCurrDataCounter), (4 bytes).
    Removing stm32f10x_dma.o(i.DMA_StructInit), (26 bytes).
    Removing stm32f10x_exti.o(i.EXTI_ClearFlag), (12 bytes).
    Removing stm32f10x_exti.o(i.EXTI_ClearITPendingBit), (12 bytes).
    Removing stm32f10x_exti.o(i.EXTI_DeInit), (36 bytes).
    Removing stm32f10x_exti.o(i.EXTI_GenerateSWInterrupt), (16 bytes).
    Removing stm32f10x_exti.o(i.EXTI_GetFlagStatus), (24 bytes).
    Removing stm32f10x_exti.o(i.EXTI_GetITStatus), (40 bytes).
    Removing stm32f10x_exti.o(i.EXTI_Init), (148 bytes).
    Removing stm32f10x_exti.o(i.EXTI_StructInit), (16 bytes).
    Removing stm32f10x_flash.o(i.FLASH_ClearFlag), (12 bytes).
    Removing stm32f10x_flash.o(i.FLASH_EnableWriteProtection), (196 bytes).
    Removing stm32f10x_flash.o(i.FLASH_EraseAllBank1Pages), (72 bytes).
    Removing stm32f10x_flash.o(i.FLASH_EraseAllPages), (72 bytes).
    Removing stm32f10x_flash.o(i.FLASH_EraseOptionBytes), (168 bytes).
    Removing stm32f10x_flash.o(i.FLASH_GetFlagStatus), (48 bytes).
    Removing stm32f10x_flash.o(i.FLASH_GetPrefetchBufferStatus), (24 bytes).
    Removing stm32f10x_flash.o(i.FLASH_GetReadOutProtectionStatus), (24 bytes).
    Removing stm32f10x_flash.o(i.FLASH_GetStatus), (52 bytes).
    Removing stm32f10x_flash.o(i.FLASH_GetUserOptionByte), (12 bytes).
    Removing stm32f10x_flash.o(i.FLASH_GetWriteProtectionOptionByte), (12 bytes).
    Removing stm32f10x_flash.o(i.FLASH_HalfCycleAccessCmd), (28 bytes).
    Removing stm32f10x_flash.o(i.FLASH_ITConfig), (32 bytes).
    Removing stm32f10x_flash.o(i.FLASH_LockBank1), (20 bytes).
    Removing stm32f10x_flash.o(i.FLASH_PrefetchBufferCmd), (28 bytes).
    Removing stm32f10x_flash.o(i.FLASH_ProgramOptionByteData), (84 bytes).
    Removing stm32f10x_flash.o(i.FLASH_ProgramWord), (108 bytes).
    Removing stm32f10x_flash.o(i.FLASH_ReadOutProtection), (172 bytes).
    Removing stm32f10x_flash.o(i.FLASH_SetLatency), (24 bytes).
    Removing stm32f10x_flash.o(i.FLASH_UnlockBank1), (24 bytes).
    Removing stm32f10x_flash.o(i.FLASH_UserOptionByteConfig), (104 bytes).
    Removing stm32f10x_flash.o(i.FLASH_WaitForLastBank1Operation), (38 bytes).
    Removing stm32f10x_fsmc.o(i.FSMC_ClearFlag), (64 bytes).
    Removing stm32f10x_fsmc.o(i.FSMC_ClearITPendingBit), (72 bytes).
    Removing stm32f10x_fsmc.o(i.FSMC_GetECC), (28 bytes).
    Removing stm32f10x_fsmc.o(i.FSMC_GetFlagStatus), (56 bytes).
    Removing stm32f10x_fsmc.o(i.FSMC_GetITStatus), (68 bytes).
    Removing stm32f10x_fsmc.o(i.FSMC_ITConfig), (128 bytes).
    Removing stm32f10x_fsmc.o(i.FSMC_NANDCmd), (92 bytes).
    Removing stm32f10x_fsmc.o(i.FSMC_NANDDeInit), (68 bytes).
    Removing stm32f10x_fsmc.o(i.FSMC_NANDECCCmd), (92 bytes).
    Removing stm32f10x_fsmc.o(i.FSMC_NANDInit), (136 bytes).
    Removing stm32f10x_fsmc.o(i.FSMC_NANDStructInit), (54 bytes).
    Removing stm32f10x_fsmc.o(i.FSMC_NORSRAMCmd), (52 bytes).
    Removing stm32f10x_fsmc.o(i.FSMC_NORSRAMDeInit), (54 bytes).
    Removing stm32f10x_fsmc.o(i.FSMC_NORSRAMInit), (230 bytes).
    Removing stm32f10x_fsmc.o(i.FSMC_NORSRAMStructInit), (114 bytes).
    Removing stm32f10x_fsmc.o(i.FSMC_PCCARDCmd), (48 bytes).
    Removing stm32f10x_fsmc.o(i.FSMC_PCCARDDeInit), (40 bytes).
    Removing stm32f10x_fsmc.o(i.FSMC_PCCARDInit), (132 bytes).
    Removing stm32f10x_fsmc.o(i.FSMC_PCCARDStructInit), (60 bytes).
    Removing stm32f10x_i2c.o(i.I2C_ARPCmd), (24 bytes).
    Removing stm32f10x_i2c.o(i.I2C_AcknowledgeConfig), (24 bytes).
    Removing stm32f10x_i2c.o(i.I2C_CalculatePEC), (24 bytes).
    Removing stm32f10x_i2c.o(i.I2C_ClearFlag), (12 bytes).
    Removing stm32f10x_i2c.o(i.I2C_ClearITPendingBit), (12 bytes).
    Removing stm32f10x_i2c.o(i.I2C_DMACmd), (24 bytes).
    Removing stm32f10x_i2c.o(i.I2C_DMALastTransferCmd), (24 bytes).
    Removing stm32f10x_i2c.o(i.I2C_DualAddressCmd), (24 bytes).
    Removing stm32f10x_i2c.o(i.I2C_FastModeDutyCycleConfig), (28 bytes).
    Removing stm32f10x_i2c.o(i.I2C_GeneralCallCmd), (24 bytes).
    Removing stm32f10x_i2c.o(i.I2C_GetITStatus), (38 bytes).
    Removing stm32f10x_i2c.o(i.I2C_GetLastEvent), (26 bytes).
    Removing stm32f10x_i2c.o(i.I2C_GetPEC), (8 bytes).
    Removing stm32f10x_i2c.o(i.I2C_ITConfig), (18 bytes).
    Removing stm32f10x_i2c.o(i.I2C_NACKPositionConfig), (28 bytes).
    Removing stm32f10x_i2c.o(i.I2C_OwnAddress2Config), (22 bytes).
    Removing stm32f10x_i2c.o(i.I2C_PECPositionConfig), (28 bytes).
    Removing stm32f10x_i2c.o(i.I2C_ReadRegister), (22 bytes).
    Removing stm32f10x_i2c.o(i.I2C_ReceiveData), (8 bytes).
    Removing stm32f10x_i2c.o(i.I2C_SMBusAlertConfig), (28 bytes).
    Removing stm32f10x_i2c.o(i.I2C_SoftwareResetCmd), (22 bytes).
    Removing stm32f10x_i2c.o(i.I2C_StretchClockCmd), (24 bytes).
    Removing stm32f10x_i2c.o(i.I2C_StructInit), (30 bytes).
    Removing stm32f10x_i2c.o(i.I2C_TransmitPEC), (24 bytes).
    Removing stm32f10x_iwdg.o(i.IWDG_Enable), (16 bytes).
    Removing stm32f10x_iwdg.o(i.IWDG_GetFlagStatus), (24 bytes).
    Removing stm32f10x_iwdg.o(i.IWDG_ReloadCounter), (16 bytes).
    Removing stm32f10x_iwdg.o(i.IWDG_SetPrescaler), (12 bytes).
    Removing stm32f10x_iwdg.o(i.IWDG_SetReload), (12 bytes).
    Removing stm32f10x_iwdg.o(i.IWDG_WriteAccessCmd), (12 bytes).
    Removing stm32f10x_pwr.o(i.PWR_BackupAccessCmd), (12 bytes).
    Removing stm32f10x_pwr.o(i.PWR_ClearFlag), (20 bytes).
    Removing stm32f10x_pwr.o(i.PWR_DeInit), (22 bytes).
    Removing stm32f10x_pwr.o(i.PWR_EnterSTANDBYMode), (52 bytes).
    Removing stm32f10x_pwr.o(i.PWR_EnterSTOPMode), (64 bytes).
    Removing stm32f10x_pwr.o(i.PWR_GetFlagStatus), (24 bytes).
    Removing stm32f10x_pwr.o(i.PWR_PVDCmd), (12 bytes).
    Removing stm32f10x_pwr.o(i.PWR_PVDLevelConfig), (24 bytes).
    Removing stm32f10x_pwr.o(i.PWR_WakeUpPinCmd), (12 bytes).
    Removing stm32f10x_rtc.o(i.RTC_ClearFlag), (16 bytes).
    Removing stm32f10x_rtc.o(i.RTC_ClearITPendingBit), (16 bytes).
    Removing stm32f10x_rtc.o(i.RTC_EnterConfigMode), (20 bytes).
    Removing stm32f10x_rtc.o(i.RTC_ExitConfigMode), (20 bytes).
    Removing stm32f10x_rtc.o(i.RTC_GetCounter), (20 bytes).
    Removing stm32f10x_rtc.o(i.RTC_GetDivider), (24 bytes).
    Removing stm32f10x_rtc.o(i.RTC_GetFlagStatus), (24 bytes).
    Removing stm32f10x_rtc.o(i.RTC_GetITStatus), (36 bytes).
    Removing stm32f10x_rtc.o(i.RTC_ITConfig), (32 bytes).
    Removing stm32f10x_rtc.o(i.RTC_SetAlarm), (28 bytes).
    Removing stm32f10x_rtc.o(i.RTC_SetCounter), (28 bytes).
    Removing stm32f10x_rtc.o(i.RTC_SetPrescaler), (32 bytes).
    Removing stm32f10x_rtc.o(i.RTC_WaitForLastTask), (20 bytes).
    Removing stm32f10x_rtc.o(i.RTC_WaitForSynchro), (36 bytes).
    Removing stm32f10x_sdio.o(i.SDIO_CEATAITCmd), (16 bytes).
    Removing stm32f10x_sdio.o(i.SDIO_ClearFlag), (12 bytes).
    Removing stm32f10x_sdio.o(i.SDIO_ClearITPendingBit), (12 bytes).
    Removing stm32f10x_sdio.o(i.SDIO_ClockCmd), (12 bytes).
    Removing stm32f10x_sdio.o(i.SDIO_CmdStructInit), (14 bytes).
    Removing stm32f10x_sdio.o(i.SDIO_CommandCompletionCmd), (12 bytes).
    Removing stm32f10x_sdio.o(i.SDIO_DMACmd), (12 bytes).
    Removing stm32f10x_sdio.o(i.SDIO_DataConfig), (48 bytes).
    Removing stm32f10x_sdio.o(i.SDIO_DataStructInit), (20 bytes).
    Removing stm32f10x_sdio.o(i.SDIO_DeInit), (36 bytes).
    Removing stm32f10x_sdio.o(i.SDIO_GetCommandResponse), (12 bytes).
    Removing stm32f10x_sdio.o(i.SDIO_GetDataCounter), (12 bytes).
    Removing stm32f10x_sdio.o(i.SDIO_GetFIFOCount), (12 bytes).
    Removing stm32f10x_sdio.o(i.SDIO_GetFlagStatus), (24 bytes).
    Removing stm32f10x_sdio.o(i.SDIO_GetITStatus), (24 bytes).
    Removing stm32f10x_sdio.o(i.SDIO_GetPowerState), (16 bytes).
    Removing stm32f10x_sdio.o(i.SDIO_GetResponse), (24 bytes).
    Removing stm32f10x_sdio.o(i.SDIO_ITConfig), (32 bytes).
    Removing stm32f10x_sdio.o(i.SDIO_Init), (48 bytes).
    Removing stm32f10x_sdio.o(i.SDIO_ReadData), (12 bytes).
    Removing stm32f10x_sdio.o(i.SDIO_SendCEATACmd), (12 bytes).
    Removing stm32f10x_sdio.o(i.SDIO_SendCommand), (44 bytes).
    Removing stm32f10x_sdio.o(i.SDIO_SendSDIOSuspendCmd), (12 bytes).
    Removing stm32f10x_sdio.o(i.SDIO_SetPowerState), (28 bytes).
    Removing stm32f10x_sdio.o(i.SDIO_SetSDIOOperation), (12 bytes).
    Removing stm32f10x_sdio.o(i.SDIO_SetSDIOReadWaitMode), (12 bytes).
    Removing stm32f10x_sdio.o(i.SDIO_StartSDIOReadWait), (12 bytes).
    Removing stm32f10x_sdio.o(i.SDIO_StopSDIOReadWait), (12 bytes).
    Removing stm32f10x_sdio.o(i.SDIO_StructInit), (16 bytes).
    Removing stm32f10x_sdio.o(i.SDIO_WriteData), (12 bytes).
    Removing stm32f10x_spi.o(i.I2S_Cmd), (24 bytes).
    Removing stm32f10x_spi.o(i.I2S_Init), (232 bytes).
    Removing stm32f10x_spi.o(i.I2S_StructInit), (20 bytes).
    Removing stm32f10x_spi.o(i.SPI_BiDirectionalLineConfig), (28 bytes).
    Removing stm32f10x_spi.o(i.SPI_CalculateCRC), (24 bytes).
    Removing stm32f10x_spi.o(i.SPI_Cmd), (24 bytes).
    Removing stm32f10x_spi.o(i.SPI_DataSizeConfig), (18 bytes).
    Removing stm32f10x_spi.o(i.SPI_GetCRC), (16 bytes).
    Removing stm32f10x_spi.o(i.SPI_GetCRCPolynomial), (6 bytes).
    Removing stm32f10x_spi.o(i.SPI_I2S_ClearFlag), (6 bytes).
    Removing stm32f10x_spi.o(i.SPI_I2S_ClearITPendingBit), (20 bytes).
    Removing stm32f10x_spi.o(i.SPI_I2S_DMACmd), (18 bytes).
    Removing stm32f10x_spi.o(i.SPI_I2S_DeInit), (88 bytes).
    Removing stm32f10x_spi.o(i.SPI_I2S_GetFlagStatus), (18 bytes).
    Removing stm32f10x_spi.o(i.SPI_I2S_GetITStatus), (52 bytes).
    Removing stm32f10x_spi.o(i.SPI_I2S_ITConfig), (32 bytes).
    Removing stm32f10x_spi.o(i.SPI_I2S_ReceiveData), (6 bytes).
    Removing stm32f10x_spi.o(i.SPI_I2S_SendData), (4 bytes).
    Removing stm32f10x_spi.o(i.SPI_Init), (60 bytes).
    Removing stm32f10x_spi.o(i.SPI_NSSInternalSoftwareConfig), (30 bytes).
    Removing stm32f10x_spi.o(i.SPI_SSOutputCmd), (24 bytes).
    Removing stm32f10x_spi.o(i.SPI_StructInit), (24 bytes).
    Removing stm32f10x_spi.o(i.SPI_TransmitCRC), (10 bytes).
    Removing stm32f10x_tim.o(i.TI1_Config), (128 bytes).
    Removing stm32f10x_tim.o(i.TI2_Config), (152 bytes).
    Removing stm32f10x_tim.o(i.TI3_Config), (144 bytes).
    Removing stm32f10x_tim.o(i.TI4_Config), (152 bytes).
    Removing stm32f10x_tim.o(i.TIM_ARRPreloadConfig), (24 bytes).
    Removing stm32f10x_tim.o(i.TIM_BDTRConfig), (32 bytes).
    Removing stm32f10x_tim.o(i.TIM_BDTRStructInit), (18 bytes).
    Removing stm32f10x_tim.o(i.TIM_CCPreloadControl), (24 bytes).
    Removing stm32f10x_tim.o(i.TIM_CCxCmd), (30 bytes).
    Removing stm32f10x_tim.o(i.TIM_CCxNCmd), (30 bytes).
    Removing stm32f10x_tim.o(i.TIM_ClearFlag), (6 bytes).
    Removing stm32f10x_tim.o(i.TIM_ClearITPendingBit), (6 bytes).
    Removing stm32f10x_tim.o(i.TIM_ClearOC1Ref), (18 bytes).
    Removing stm32f10x_tim.o(i.TIM_ClearOC2Ref), (24 bytes).
    Removing stm32f10x_tim.o(i.TIM_ClearOC3Ref), (18 bytes).
    Removing stm32f10x_tim.o(i.TIM_ClearOC4Ref), (24 bytes).
    Removing stm32f10x_tim.o(i.TIM_CounterModeConfig), (18 bytes).
    Removing stm32f10x_tim.o(i.TIM_DMACmd), (18 bytes).
    Removing stm32f10x_tim.o(i.TIM_DMAConfig), (10 bytes).
    Removing stm32f10x_tim.o(i.TIM_DeInit), (488 bytes).
    Removing stm32f10x_tim.o(i.TIM_ETRClockMode1Config), (54 bytes).
    Removing stm32f10x_tim.o(i.TIM_ETRClockMode2Config), (32 bytes).
    Removing stm32f10x_tim.o(i.TIM_ETRConfig), (28 bytes).
    Removing stm32f10x_tim.o(i.TIM_EncoderInterfaceConfig), (66 bytes).
    Removing stm32f10x_tim.o(i.TIM_ForcedOC1Config), (18 bytes).
    Removing stm32f10x_tim.o(i.TIM_ForcedOC2Config), (26 bytes).
    Removing stm32f10x_tim.o(i.TIM_ForcedOC3Config), (18 bytes).
    Removing stm32f10x_tim.o(i.TIM_ForcedOC4Config), (26 bytes).
    Removing stm32f10x_tim.o(i.TIM_GenerateEvent), (4 bytes).
    Removing stm32f10x_tim.o(i.TIM_GetCapture1), (6 bytes).
    Removing stm32f10x_tim.o(i.TIM_GetCapture2), (6 bytes).
    Removing stm32f10x_tim.o(i.TIM_GetCapture3), (6 bytes).
    Removing stm32f10x_tim.o(i.TIM_GetCapture4), (8 bytes).
    Removing stm32f10x_tim.o(i.TIM_GetCounter), (6 bytes).
    Removing stm32f10x_tim.o(i.TIM_GetFlagStatus), (18 bytes).
    Removing stm32f10x_tim.o(i.TIM_GetITStatus), (34 bytes).
    Removing stm32f10x_tim.o(i.TIM_GetPrescaler), (6 bytes).
    Removing stm32f10x_tim.o(i.TIM_ICInit), (172 bytes).
    Removing stm32f10x_tim.o(i.TIM_ICStructInit), (18 bytes).
    Removing stm32f10x_tim.o(i.TIM_ITConfig), (18 bytes).
    Removing stm32f10x_tim.o(i.TIM_ITRxExternalClockConfig), (24 bytes).
    Removing stm32f10x_tim.o(i.TIM_InternalClockConfig), (12 bytes).
    Removing stm32f10x_tim.o(i.TIM_OC1FastConfig), (18 bytes).
    Removing stm32f10x_tim.o(i.TIM_OC1NPolarityConfig), (18 bytes).
    Removing stm32f10x_tim.o(i.TIM_OC1PolarityConfig), (18 bytes).
    Removing stm32f10x_tim.o(i.TIM_OC2FastConfig), (26 bytes).
    Removing stm32f10x_tim.o(i.TIM_OC2NPolarityConfig), (26 bytes).
    Removing stm32f10x_tim.o(i.TIM_OC2PolarityConfig), (26 bytes).
    Removing stm32f10x_tim.o(i.TIM_OC2PreloadConfig), (26 bytes).
    Removing stm32f10x_tim.o(i.TIM_OC3FastConfig), (18 bytes).
    Removing stm32f10x_tim.o(i.TIM_OC3NPolarityConfig), (26 bytes).
    Removing stm32f10x_tim.o(i.TIM_OC3PolarityConfig), (26 bytes).
    Removing stm32f10x_tim.o(i.TIM_OC4FastConfig), (26 bytes).
    Removing stm32f10x_tim.o(i.TIM_OC4PolarityConfig), (26 bytes).
    Removing stm32f10x_tim.o(i.TIM_OC4PreloadConfig), (26 bytes).
    Removing stm32f10x_tim.o(i.TIM_OCStructInit), (20 bytes).
    Removing stm32f10x_tim.o(i.TIM_PWMIConfig), (124 bytes).
    Removing stm32f10x_tim.o(i.TIM_PrescalerConfig), (6 bytes).
    Removing stm32f10x_tim.o(i.TIM_SelectCCDMA), (24 bytes).
    Removing stm32f10x_tim.o(i.TIM_SelectCOM), (24 bytes).
    Removing stm32f10x_tim.o(i.TIM_SelectHallSensor), (24 bytes).
    Removing stm32f10x_tim.o(i.TIM_SelectInputTrigger), (18 bytes).
    Removing stm32f10x_tim.o(i.TIM_SelectMasterSlaveMode), (18 bytes).
    Removing stm32f10x_tim.o(i.TIM_SelectOCxM), (82 bytes).
    Removing stm32f10x_tim.o(i.TIM_SelectOnePulseMode), (18 bytes).
    Removing stm32f10x_tim.o(i.TIM_SelectOutputTrigger), (18 bytes).
    Removing stm32f10x_tim.o(i.TIM_SelectSlaveMode), (18 bytes).
    Removing stm32f10x_tim.o(i.TIM_SetAutoreload), (4 bytes).
    Removing stm32f10x_tim.o(i.TIM_SetClockDivision), (18 bytes).
    Removing stm32f10x_tim.o(i.TIM_SetCounter), (4 bytes).
    Removing stm32f10x_tim.o(i.TIM_SetIC1Prescaler), (18 bytes).
    Removing stm32f10x_tim.o(i.TIM_SetIC2Prescaler), (26 bytes).
    Removing stm32f10x_tim.o(i.TIM_SetIC3Prescaler), (18 bytes).
    Removing stm32f10x_tim.o(i.TIM_SetIC4Prescaler), (26 bytes).
    Removing stm32f10x_tim.o(i.TIM_TIxExternalClockConfig), (62 bytes).
    Removing stm32f10x_tim.o(i.TIM_TimeBaseStructInit), (18 bytes).
    Removing stm32f10x_tim.o(i.TIM_UpdateDisableConfig), (24 bytes).
    Removing stm32f10x_tim.o(i.TIM_UpdateRequestConfig), (24 bytes).
    Removing stm32f10x_wwdg.o(i.WWDG_ClearFlag), (12 bytes).
    Removing stm32f10x_wwdg.o(i.WWDG_DeInit), (22 bytes).
    Removing stm32f10x_wwdg.o(i.WWDG_Enable), (16 bytes).
    Removing stm32f10x_wwdg.o(i.WWDG_EnableIT), (12 bytes).
    Removing stm32f10x_wwdg.o(i.WWDG_GetFlagStatus), (12 bytes).
    Removing stm32f10x_wwdg.o(i.WWDG_SetCounter), (16 bytes).
    Removing stm32f10x_wwdg.o(i.WWDG_SetPrescaler), (24 bytes).
    Removing stm32f10x_wwdg.o(i.WWDG_SetWindowValue), (40 bytes).

452 unused section(s) (total 18048 bytes) removed from the image.

==============================================================================

Image Symbol Table

    Local Symbols

    Symbol Name                              Value     Ov Type        Size  Object(Section)

    ../clib/microlib/ctype/ctype.c           0x00000000   Number         0  isgraph_o.o ABSOLUTE
    ../clib/microlib/ctype/ctype.c           0x00000000   Number         0  isalpha_o.o ABSOLUTE
    ../clib/microlib/ctype/ctype.c           0x00000000   Number         0  ispunct_o.o ABSOLUTE
    ../clib/microlib/ctype/ctype.c           0x00000000   Number         0  isprint_o.o ABSOLUTE
    ../clib/microlib/ctype/ctype.c           0x00000000   Number         0  isalnum_o.o ABSOLUTE
    ../clib/microlib/ctype/ctype.c           0x00000000   Number         0  islower_o.o ABSOLUTE
    ../clib/microlib/ctype/ctype.c           0x00000000   Number         0  ctype_o.o ABSOLUTE
    ../clib/microlib/ctype/ctype.c           0x00000000   Number         0  isdigit_o.o ABSOLUTE
    ../clib/microlib/ctype/ctype.c           0x00000000   Number         0  iscntrl_o.o ABSOLUTE
    ../clib/microlib/ctype/ctype.c           0x00000000   Number         0  isblank_o.o ABSOLUTE
    ../clib/microlib/ctype/ctype.c           0x00000000   Number         0  isxdigit_o.o ABSOLUTE
    ../clib/microlib/ctype/ctype.c           0x00000000   Number         0  isupper_o.o ABSOLUTE
    ../clib/microlib/ctype/ctype.c           0x00000000   Number         0  isspace_o.o ABSOLUTE
    ../clib/microlib/errno.c                 0x00000000   Number         0  errno.o ABSOLUTE
    ../clib/microlib/init/entry.s            0x00000000   Number         0  entry9b.o ABSOLUTE
    ../clib/microlib/init/entry.s            0x00000000   Number         0  entry9a.o ABSOLUTE
    ../clib/microlib/init/entry.s            0x00000000   Number         0  entry10a.o ABSOLUTE
    ../clib/microlib/init/entry.s            0x00000000   Number         0  entry10b.o ABSOLUTE
    ../clib/microlib/init/entry.s            0x00000000   Number         0  entry2.o ABSOLUTE
    ../clib/microlib/init/entry.s            0x00000000   Number         0  entry5.o ABSOLUTE
    ../clib/microlib/init/entry.s            0x00000000   Number         0  entry.o ABSOLUTE
    ../clib/microlib/init/entry.s            0x00000000   Number         0  entry7a.o ABSOLUTE
    ../clib/microlib/init/entry.s            0x00000000   Number         0  entry7b.o ABSOLUTE
    ../clib/microlib/init/entry.s            0x00000000   Number         0  entry11a.o ABSOLUTE
    ../clib/microlib/init/entry.s            0x00000000   Number         0  entry8a.o ABSOLUTE
    ../clib/microlib/init/entry.s            0x00000000   Number         0  entry11b.o ABSOLUTE
    ../clib/microlib/init/entry.s            0x00000000   Number         0  entry8b.o ABSOLUTE
    ../clib/microlib/longlong.c              0x00000000   Number         0  llsshr.o ABSOLUTE
    ../clib/microlib/longlong.c              0x00000000   Number         0  llushr.o ABSOLUTE
    ../clib/microlib/longlong.c              0x00000000   Number         0  llshl.o ABSOLUTE
    ../clib/microlib/stubs.s                 0x00000000   Number         0  iusefp.o ABSOLUTE
    ../clib/scanf.c                          0x00000000   Number         0  _chval.o ABSOLUTE
    ../clib/scanf.c                          0x00000000   Number         0  strtol.o ABSOLUTE
    ../clib/scanf.c                          0x00000000   Number         0  atoi.o ABSOLUTE
    ../clib/scanf.c                          0x00000000   Number         0  _strtoul.o ABSOLUTE
    ../fplib/microlib/fpadd.c                0x00000000   Number         0  dadd.o ABSOLUTE
    ../fplib/microlib/fpdiv.c                0x00000000   Number         0  ddiv.o ABSOLUTE
    ../fplib/microlib/fpepilogue.c           0x00000000   Number         0  depilogue.o ABSOLUTE
    ../fplib/microlib/fpfix.c                0x00000000   Number         0  dfixui.o ABSOLUTE
    ../fplib/microlib/fpflt.c                0x00000000   Number         0  dflti.o ABSOLUTE
    ..\Drive\Source\Action.c                 0x00000000   Number         0  action.o ABSOLUTE
    ..\Drive\Source\Eeprom.c                 0x00000000   Number         0  eeprom.o ABSOLUTE
    ..\Drive\Source\I2C.c                    0x00000000   Number         0  i2c.o ABSOLUTE
    ..\Drive\Source\Input.c                  0x00000000   Number         0  input.o ABSOLUTE
    ..\Drive\Source\MotorDrive.c             0x00000000   Number         0  motordrive.o ABSOLUTE
    ..\Drive\Source\Servo.c                  0x00000000   Number         0  servo.o ABSOLUTE
    ..\Drive\Source\delay.c                  0x00000000   Number         0  delay.o ABSOLUTE
    ..\Drive\Source\key.c                    0x00000000   Number         0  key.o ABSOLUTE
    ..\Drive\Source\led.c                    0x00000000   Number         0  led.o ABSOLUTE
    ..\Drive\Source\usart.c                  0x00000000   Number         0  usart.o ABSOLUTE
    ..\MY\main.c                             0x00000000   Number         0  main.o ABSOLUTE
    ..\MY\stm32f10x_it.c                     0x00000000   Number         0  stm32f10x_it.o ABSOLUTE
    ..\STM32\CMSIS\CM3\DeviceSupport\ST\STM32F10x\startup\arm\startup_stm32f10x_hd.s 0x00000000   Number         0  startup_stm32f10x_hd.o ABSOLUTE
    ..\STM32\CMSIS\CM3\DeviceSupport\ST\STM32F10x\system_stm32f10x.c 0x00000000   Number         0  system_stm32f10x.o ABSOLUTE
    ..\STM32\STM32F10x_StdPeriph_Driver\src\misc.c 0x00000000   Number         0  misc.o ABSOLUTE
    ..\STM32\STM32F10x_StdPeriph_Driver\src\stm32f10x_adc.c 0x00000000   Number         0  stm32f10x_adc.o ABSOLUTE
    ..\STM32\STM32F10x_StdPeriph_Driver\src\stm32f10x_bkp.c 0x00000000   Number         0  stm32f10x_bkp.o ABSOLUTE
    ..\STM32\STM32F10x_StdPeriph_Driver\src\stm32f10x_can.c 0x00000000   Number         0  stm32f10x_can.o ABSOLUTE
    ..\STM32\STM32F10x_StdPeriph_Driver\src\stm32f10x_cec.c 0x00000000   Number         0  stm32f10x_cec.o ABSOLUTE
    ..\STM32\STM32F10x_StdPeriph_Driver\src\stm32f10x_crc.c 0x00000000   Number         0  stm32f10x_crc.o ABSOLUTE
    ..\STM32\STM32F10x_StdPeriph_Driver\src\stm32f10x_dac.c 0x00000000   Number         0  stm32f10x_dac.o ABSOLUTE
    ..\STM32\STM32F10x_StdPeriph_Driver\src\stm32f10x_dbgmcu.c 0x00000000   Number         0  stm32f10x_dbgmcu.o ABSOLUTE
    ..\STM32\STM32F10x_StdPeriph_Driver\src\stm32f10x_dma.c 0x00000000   Number         0  stm32f10x_dma.o ABSOLUTE
    ..\STM32\STM32F10x_StdPeriph_Driver\src\stm32f10x_exti.c 0x00000000   Number         0  stm32f10x_exti.o ABSOLUTE
    ..\STM32\STM32F10x_StdPeriph_Driver\src\stm32f10x_flash.c 0x00000000   Number         0  stm32f10x_flash.o ABSOLUTE
    ..\STM32\STM32F10x_StdPeriph_Driver\src\stm32f10x_fsmc.c 0x00000000   Number         0  stm32f10x_fsmc.o ABSOLUTE
    ..\STM32\STM32F10x_StdPeriph_Driver\src\stm32f10x_gpio.c 0x00000000   Number         0  stm32f10x_gpio.o ABSOLUTE
    ..\STM32\STM32F10x_StdPeriph_Driver\src\stm32f10x_i2c.c 0x00000000   Number         0  stm32f10x_i2c.o ABSOLUTE
    ..\STM32\STM32F10x_StdPeriph_Driver\src\stm32f10x_iwdg.c 0x00000000   Number         0  stm32f10x_iwdg.o ABSOLUTE
    ..\STM32\STM32F10x_StdPeriph_Driver\src\stm32f10x_pwr.c 0x00000000   Number         0  stm32f10x_pwr.o ABSOLUTE
    ..\STM32\STM32F10x_StdPeriph_Driver\src\stm32f10x_rcc.c 0x00000000   Number         0  stm32f10x_rcc.o ABSOLUTE
    ..\STM32\STM32F10x_StdPeriph_Driver\src\stm32f10x_rtc.c 0x00000000   Number         0  stm32f10x_rtc.o ABSOLUTE
    ..\STM32\STM32F10x_StdPeriph_Driver\src\stm32f10x_sdio.c 0x00000000   Number         0  stm32f10x_sdio.o ABSOLUTE
    ..\STM32\STM32F10x_StdPeriph_Driver\src\stm32f10x_spi.c 0x00000000   Number         0  stm32f10x_spi.o ABSOLUTE
    ..\STM32\STM32F10x_StdPeriph_Driver\src\stm32f10x_tim.c 0x00000000   Number         0  stm32f10x_tim.o ABSOLUTE
    ..\STM32\STM32F10x_StdPeriph_Driver\src\stm32f10x_usart.c 0x00000000   Number         0  stm32f10x_usart.o ABSOLUTE
    ..\STM32\STM32F10x_StdPeriph_Driver\src\stm32f10x_wwdg.c 0x00000000   Number         0  stm32f10x_wwdg.o ABSOLUTE
    dc.s                                     0x00000000   Number         0  dc.o ABSOLUTE
    handlers.s                               0x00000000   Number         0  handlers.o ABSOLUTE
    init.s                                   0x00000000   Number         0  init.o ABSOLUTE
    RESET                                    0x08000000   Section      304  startup_stm32f10x_hd.o(RESET)
    .ARM.Collect$$$$00000000                 0x08000130   Section        0  entry.o(.ARM.Collect$$$$00000000)
    .ARM.Collect$$$$00000001                 0x08000130   Section        4  entry2.o(.ARM.Collect$$$$00000001)
    .ARM.Collect$$$$00000004                 0x08000134   Section        4  entry5.o(.ARM.Collect$$$$00000004)
    .ARM.Collect$$$$00000008                 0x08000138   Section        0  entry7b.o(.ARM.Collect$$$$00000008)
    .ARM.Collect$$$$0000000A                 0x08000138   Section        0  entry8b.o(.ARM.Collect$$$$0000000A)
    .ARM.Collect$$$$0000000B                 0x08000138   Section        8  entry9a.o(.ARM.Collect$$$$0000000B)
    .ARM.Collect$$$$0000000D                 0x08000140   Section        0  entry10a.o(.ARM.Collect$$$$0000000D)
    .ARM.Collect$$$$0000000F                 0x08000140   Section        0  entry11a.o(.ARM.Collect$$$$0000000F)
    .ARM.Collect$$$$00002712                 0x08000140   Section        4  entry2.o(.ARM.Collect$$$$00002712)
    __lit__00000000                          0x08000140   Data           4  entry2.o(.ARM.Collect$$$$00002712)
    .text                                    0x08000144   Section       36  startup_stm32f10x_hd.o(.text)
    .text                                    0x08000168   Section        0  atoi.o(.text)
    .text                                    0x08000182   Section        0  dadd.o(.text)
    .text                                    0x080002d0   Section        0  ddiv.o(.text)
    .text                                    0x080003ae   Section        0  dflti.o(.text)
    .text                                    0x080003d0   Section        0  dfixui.o(.text)
    .text                                    0x08000402   Section        0  llshl.o(.text)
    .text                                    0x08000420   Section        0  llushr.o(.text)
    .text                                    0x08000440   Section        0  llsshr.o(.text)
    .text                                    0x08000464   Section        0  strtol.o(.text)
    .text                                    0x080004d4   Section        0  iusefp.o(.text)
    .text                                    0x080004d4   Section        0  depilogue.o(.text)
    .text                                    0x08000590   Section       36  init.o(.text)
    .text                                    0x080005b4   Section        0  ctype_o.o(.text)
    .text                                    0x080005bc   Section        0  _strtoul.o(.text)
    .text                                    0x0800065a   Section        0  _chval.o(.text)
    i.BusFault_Handler                       0x08000676   Section        0  stm32f10x_it.o(i.BusFault_Handler)
    i.DebugMon_Handler                       0x0800067a   Section        0  stm32f10x_it.o(i.DebugMon_Handler)
    i.Delay_Init                             0x0800067c   Section        0  delay.o(i.Delay_Init)
    i.Delay_ms                               0x080006dc   Section        0  delay.o(i.Delay_ms)
    i.FLASH_ErasePage                        0x080006f0   Section        0  stm32f10x_flash.o(i.FLASH_ErasePage)
    i.FLASH_GetBank1Status                   0x0800073c   Section        0  stm32f10x_flash.o(i.FLASH_GetBank1Status)
    i.FLASH_Lock                             0x08000770   Section        0  stm32f10x_flash.o(i.FLASH_Lock)
    i.FLASH_ProgramHalfWord                  0x08000784   Section        0  stm32f10x_flash.o(i.FLASH_ProgramHalfWord)
    i.FLASH_Unlock                           0x080007c4   Section        0  stm32f10x_flash.o(i.FLASH_Unlock)
    i.FLASH_WaitForLastOperation             0x080007dc   Section        0  stm32f10x_flash.o(i.FLASH_WaitForLastOperation)
    i.GPIO_Configuration                     0x08000804   Section        0  motordrive.o(i.GPIO_Configuration)
    i.GPIO_Init                              0x08000888   Section        0  stm32f10x_gpio.o(i.GPIO_Init)
    i.GPIO_PinRemapConfig                    0x080009a0   Section        0  stm32f10x_gpio.o(i.GPIO_PinRemapConfig)
    i.GPIO_ReadInputDataBit                  0x08000a30   Section        0  stm32f10x_gpio.o(i.GPIO_ReadInputDataBit)
    i.GPIO_ResetBits                         0x08000a42   Section        0  stm32f10x_gpio.o(i.GPIO_ResetBits)
    i.GPIO_SetBits                           0x08000a46   Section        0  stm32f10x_gpio.o(i.GPIO_SetBits)
    i.HardFault_Handler                      0x08000a4a   Section        0  stm32f10x_it.o(i.HardFault_Handler)
    i.I2C_CheckEvent                         0x08000a4e   Section        0  stm32f10x_i2c.o(i.I2C_CheckEvent)
    i.I2C_Cmd                                0x08000a78   Section        0  stm32f10x_i2c.o(i.I2C_Cmd)
    i.I2C_Configuration                      0x08000a90   Section        0  i2c.o(i.I2C_Configuration)
    i.I2C_DeInit                             0x08000b0c   Section        0  stm32f10x_i2c.o(i.I2C_DeInit)
    i.I2C_GenerateSTART                      0x08000b44   Section        0  stm32f10x_i2c.o(i.I2C_GenerateSTART)
    i.I2C_GenerateSTOP                       0x08000b5c   Section        0  stm32f10x_i2c.o(i.I2C_GenerateSTOP)
    i.I2C_GetFlagStatus                      0x08000b74   Section        0  stm32f10x_i2c.o(i.I2C_GetFlagStatus)
    i.I2C_Init                               0x08000bb0   Section        0  stm32f10x_i2c.o(i.I2C_Init)
    i.I2C_Send7bitAddress                    0x08000c9c   Section        0  stm32f10x_i2c.o(i.I2C_Send7bitAddress)
    i.I2C_SendData                           0x08000cae   Section        0  stm32f10x_i2c.o(i.I2C_SendData)
    i.I2C_WriteByte                          0x08000cb4   Section        0  i2c.o(i.I2C_WriteByte)
    i.Input_Init                             0x08000d40   Section        0  input.o(i.Input_Init)
    i.Input_data                             0x08000db0   Section        0  action.o(i.Input_data)
    i.Input_display                          0x08000ef8   Section        0  action.o(i.Input_display)
    i.Int_To_Str                             0x08001098   Section        0  i2c.o(i.Int_To_Str)
    i.KEY_Init                               0x080010f0   Section        0  key.o(i.KEY_Init)
    i.LED_Init                               0x0800111c   Section        0  led.o(i.LED_Init)
    i.MemManage_Handler                      0x08001164   Section        0  stm32f10x_it.o(i.MemManage_Handler)
    i.NMI_Handler                            0x08001168   Section        0  stm32f10x_it.o(i.NMI_Handler)
    i.OLED_CLS                               0x0800116a   Section        0  i2c.o(i.OLED_CLS)
    i.OLED_Fill                              0x08001174   Section        0  i2c.o(i.OLED_Fill)
    i.OLED_Init                              0x080011ae   Section        0  i2c.o(i.OLED_Init)
    i.OLED_SetPos                            0x08001260   Section        0  i2c.o(i.OLED_SetPos)
    i.OLED_ShowNum                           0x08001288   Section        0  i2c.o(i.OLED_ShowNum)
    i.OLED_ShowStr                           0x080012a8   Section        0  i2c.o(i.OLED_ShowStr)
    i.PendSV_Handler                         0x080013b8   Section        0  stm32f10x_it.o(i.PendSV_Handler)
    i.RCC_APB1PeriphClockCmd                 0x080013bc   Section        0  stm32f10x_rcc.o(i.RCC_APB1PeriphClockCmd)
    i.RCC_APB1PeriphResetCmd                 0x080013dc   Section        0  stm32f10x_rcc.o(i.RCC_APB1PeriphResetCmd)
    i.RCC_APB2PeriphClockCmd                 0x080013fc   Section        0  stm32f10x_rcc.o(i.RCC_APB2PeriphClockCmd)
    i.RCC_GetClocksFreq                      0x0800141c   Section        0  stm32f10x_rcc.o(i.RCC_GetClocksFreq)
    i.STMFLASH_Read                          0x080014f0   Section        0  eeprom.o(i.STMFLASH_Read)
    i.STMFLASH_ReadHalfWord                  0x08001512   Section        0  eeprom.o(i.STMFLASH_ReadHalfWord)
    i.STMFLASH_Write                         0x08001518   Section        0  eeprom.o(i.STMFLASH_Write)
    i.STMFLASH_Write_NoCheck                 0x08001600   Section        0  eeprom.o(i.STMFLASH_Write_NoCheck)
    i.SVC_Handler                            0x08001626   Section        0  stm32f10x_it.o(i.SVC_Handler)
    i.SetSysClock                            0x08001628   Section        0  system_stm32f10x.o(i.SetSysClock)
    SetSysClock                              0x08001629   Thumb Code     8  system_stm32f10x.o(i.SetSysClock)
    i.SetSysClockTo72                        0x08001630   Section        0  system_stm32f10x.o(i.SetSysClockTo72)
    SetSysClockTo72                          0x08001631   Thumb Code   214  system_stm32f10x.o(i.SetSysClockTo72)
    i.Shooting_go                            0x08001710   Section        0  action.o(i.Shooting_go)
    i.Swallowing                             0x0800177c   Section        0  action.o(i.Swallowing)
    i.SysTick_Handler                        0x080017cc   Section        0  stm32f10x_it.o(i.SysTick_Handler)
    i.SystemInit                             0x080017d4   Section        0  system_stm32f10x.o(i.SystemInit)
    i.TIM1_PWM_Init                          0x08001834   Section        0  servo.o(i.TIM1_PWM_Init)
    i.TIM8_PWM_Init                          0x080018d0   Section        0  motordrive.o(i.TIM8_PWM_Init)
    i.TIM_Cmd                                0x0800198c   Section        0  stm32f10x_tim.o(i.TIM_Cmd)
    i.TIM_CtrlPWMOutputs                     0x080019a4   Section        0  stm32f10x_tim.o(i.TIM_CtrlPWMOutputs)
    i.TIM_OC1Init                            0x080019c4   Section        0  stm32f10x_tim.o(i.TIM_OC1Init)
    i.TIM_OC1PreloadConfig                   0x08001a5c   Section        0  stm32f10x_tim.o(i.TIM_OC1PreloadConfig)
    i.TIM_OC2Init                            0x08001a70   Section        0  stm32f10x_tim.o(i.TIM_OC2Init)
    i.TIM_OC3Init                            0x08001b14   Section        0  stm32f10x_tim.o(i.TIM_OC3Init)
    i.TIM_OC3PreloadConfig                   0x08001bb4   Section        0  stm32f10x_tim.o(i.TIM_OC3PreloadConfig)
    i.TIM_OC4Init                            0x08001bc8   Section        0  stm32f10x_tim.o(i.TIM_OC4Init)
    i.TIM_SetCompare1                        0x08001c44   Section        0  stm32f10x_tim.o(i.TIM_SetCompare1)
    i.TIM_SetCompare2                        0x08001c48   Section        0  stm32f10x_tim.o(i.TIM_SetCompare2)
    i.TIM_SetCompare3                        0x08001c4c   Section        0  stm32f10x_tim.o(i.TIM_SetCompare3)
    i.TIM_SetCompare4                        0x08001c50   Section        0  stm32f10x_tim.o(i.TIM_SetCompare4)
    i.TIM_TimeBaseInit                       0x08001c58   Section        0  stm32f10x_tim.o(i.TIM_TimeBaseInit)
    i.TimingDelay_Decrement                  0x08001cfc   Section        0  delay.o(i.TimingDelay_Decrement)
    i.UsageFault_Handler                     0x08001d14   Section        0  stm32f10x_it.o(i.UsageFault_Handler)
    i.User_KEY_Init                          0x08001d18   Section        0  key.o(i.User_KEY_Init)
    i.User_KEY_Scan_1                        0x08001d64   Section        0  key.o(i.User_KEY_Scan_1)
    i.User_KEY_Scan_2                        0x08001ddc   Section        0  key.o(i.User_KEY_Scan_2)
    i.User_KEY_Scan_3                        0x08001e5c   Section        0  key.o(i.User_KEY_Scan_3)
    i.WriteCmd                               0x08001ed8   Section        0  i2c.o(i.WriteCmd)
    i.WriteDat                               0x08001ee6   Section        0  i2c.o(i.WriteDat)
    i.__aeabi_errno_addr                     0x08001ef4   Section        0  errno.o(i.__aeabi_errno_addr)
    i.__scatterload_copy                     0x08001efc   Section       14  handlers.o(i.__scatterload_copy)
    i.__scatterload_null                     0x08001f0a   Section        2  handlers.o(i.__scatterload_null)
    i.__scatterload_zeroinit                 0x08001f0c   Section       14  handlers.o(i.__scatterload_zeroinit)
    i.main                                   0x08001f1c   Section        0  main.o(i.main)
    i.servo_angle                            0x08001fd0   Section        0  servo.o(i.servo_angle)
    .constdata                               0x08002064   Section     1520  i2c.o(.constdata)
    .constdata                               0x08002654   Section      129  ctype_o.o(.constdata)
    .constdata                               0x080026d8   Section        4  ctype_o.o(.constdata)
    table                                    0x080026d8   Data           4  ctype_o.o(.constdata)
    .data                                    0x20000000   Section        4  delay.o(.data)
    TimingDelay                              0x20000000   Data           4  delay.o(.data)
    .data                                    0x20000004   Section        3  key.o(.data)
    key_up                                   0x20000004   Data           1  key.o(.data)
    key_up                                   0x20000005   Data           1  key.o(.data)
    key_up                                   0x20000006   Data           1  key.o(.data)
    .data                                    0x20000008   Section       32  action.o(.data)
    .data                                    0x20000028   Section       20  system_stm32f10x.o(.data)
    .data                                    0x2000003c   Section       20  stm32f10x_rcc.o(.data)
    APBAHBPrescTable                         0x2000003c   Data          16  stm32f10x_rcc.o(.data)
    ADCPrescTable                            0x2000004c   Data           4  stm32f10x_rcc.o(.data)
    .data                                    0x20000050   Section        4  errno.o(.data)
    _errno                                   0x20000050   Data           4  errno.o(.data)
    .bss                                     0x20000054   Section     2048  eeprom.o(.bss)
    STACK                                    0x20000858   Section     1024  startup_stm32f10x_hd.o(STACK)

    Global Symbols

    Symbol Name                              Value     Ov Type        Size  Object(Section)

    BuildAttributes$$THM_ISAv4$P$D$K$B$S$PE$A:L22UL41UL21$X:L11$S22US41US21$IEEE1$IW$USESV6$~STKCKD$USESV7$~SHL$OSPACE$ROPI$EBA8$MICROLIB$REQ8$PRES8$EABIv2 0x00000000   Number         0  anon$$obj.o ABSOLUTE
    __ARM_use_no_argv                        0x00000000   Number         0  main.o ABSOLUTE
    __cpp_initialize__aeabi_                  - Undefined Weak Reference
    __cxa_finalize                            - Undefined Weak Reference
    __decompress                              - Undefined Weak Reference
    _clock_init                               - Undefined Weak Reference
    _microlib_exit                            - Undefined Weak Reference
    __Vectors_Size                           0x00000130   Number         0  startup_stm32f10x_hd.o ABSOLUTE
    __Vectors                                0x08000000   Data           4  startup_stm32f10x_hd.o(RESET)
    __Vectors_End                            0x08000130   Data           0  startup_stm32f10x_hd.o(RESET)
    __main                                   0x08000131   Thumb Code     0  entry.o(.ARM.Collect$$$$00000000)
    _main_stk                                0x08000131   Thumb Code     0  entry2.o(.ARM.Collect$$$$00000001)
    _main_scatterload                        0x08000135   Thumb Code     0  entry5.o(.ARM.Collect$$$$00000004)
    __main_after_scatterload                 0x08000139   Thumb Code     0  entry5.o(.ARM.Collect$$$$00000004)
    _main_clock                              0x08000139   Thumb Code     0  entry7b.o(.ARM.Collect$$$$00000008)
    _main_cpp_init                           0x08000139   Thumb Code     0  entry8b.o(.ARM.Collect$$$$0000000A)
    _main_init                               0x08000139   Thumb Code     0  entry9a.o(.ARM.Collect$$$$0000000B)
    __rt_final_cpp                           0x08000141   Thumb Code     0  entry10a.o(.ARM.Collect$$$$0000000D)
    __rt_final_exit                          0x08000141   Thumb Code     0  entry11a.o(.ARM.Collect$$$$0000000F)
    Reset_Handler                            0x08000145   Thumb Code     8  startup_stm32f10x_hd.o(.text)
    ADC1_2_IRQHandler                        0x0800015f   Thumb Code     0  startup_stm32f10x_hd.o(.text)
    ADC3_IRQHandler                          0x0800015f   Thumb Code     0  startup_stm32f10x_hd.o(.text)
    CAN1_RX1_IRQHandler                      0x0800015f   Thumb Code     0  startup_stm32f10x_hd.o(.text)
    CAN1_SCE_IRQHandler                      0x0800015f   Thumb Code     0  startup_stm32f10x_hd.o(.text)
    DMA1_Channel1_IRQHandler                 0x0800015f   Thumb Code     0  startup_stm32f10x_hd.o(.text)
    DMA1_Channel2_IRQHandler                 0x0800015f   Thumb Code     0  startup_stm32f10x_hd.o(.text)
    DMA1_Channel3_IRQHandler                 0x0800015f   Thumb Code     0  startup_stm32f10x_hd.o(.text)
    DMA1_Channel4_IRQHandler                 0x0800015f   Thumb Code     0  startup_stm32f10x_hd.o(.text)
    DMA1_Channel5_IRQHandler                 0x0800015f   Thumb Code     0  startup_stm32f10x_hd.o(.text)
    DMA1_Channel6_IRQHandler                 0x0800015f   Thumb Code     0  startup_stm32f10x_hd.o(.text)
    DMA1_Channel7_IRQHandler                 0x0800015f   Thumb Code     0  startup_stm32f10x_hd.o(.text)
    DMA2_Channel1_IRQHandler                 0x0800015f   Thumb Code     0  startup_stm32f10x_hd.o(.text)
    DMA2_Channel2_IRQHandler                 0x0800015f   Thumb Code     0  startup_stm32f10x_hd.o(.text)
    DMA2_Channel3_IRQHandler                 0x0800015f   Thumb Code     0  startup_stm32f10x_hd.o(.text)
    DMA2_Channel4_5_IRQHandler               0x0800015f   Thumb Code     0  startup_stm32f10x_hd.o(.text)
    EXTI0_IRQHandler                         0x0800015f   Thumb Code     0  startup_stm32f10x_hd.o(.text)
    EXTI15_10_IRQHandler                     0x0800015f   Thumb Code     0  startup_stm32f10x_hd.o(.text)
    EXTI1_IRQHandler                         0x0800015f   Thumb Code     0  startup_stm32f10x_hd.o(.text)
    EXTI2_IRQHandler                         0x0800015f   Thumb Code     0  startup_stm32f10x_hd.o(.text)
    EXTI3_IRQHandler                         0x0800015f   Thumb Code     0  startup_stm32f10x_hd.o(.text)
    EXTI4_IRQHandler                         0x0800015f   Thumb Code     0  startup_stm32f10x_hd.o(.text)
    EXTI9_5_IRQHandler                       0x0800015f   Thumb Code     0  startup_stm32f10x_hd.o(.text)
    FLASH_IRQHandler                         0x0800015f   Thumb Code     0  startup_stm32f10x_hd.o(.text)
    FSMC_IRQHandler                          0x0800015f   Thumb Code     0  startup_stm32f10x_hd.o(.text)
    I2C1_ER_IRQHandler                       0x0800015f   Thumb Code     0  startup_stm32f10x_hd.o(.text)
    I2C1_EV_IRQHandler                       0x0800015f   Thumb Code     0  startup_stm32f10x_hd.o(.text)
    I2C2_ER_IRQHandler                       0x0800015f   Thumb Code     0  startup_stm32f10x_hd.o(.text)
    I2C2_EV_IRQHandler                       0x0800015f   Thumb Code     0  startup_stm32f10x_hd.o(.text)
    PVD_IRQHandler                           0x0800015f   Thumb Code     0  startup_stm32f10x_hd.o(.text)
    RCC_IRQHandler                           0x0800015f   Thumb Code     0  startup_stm32f10x_hd.o(.text)
    RTCAlarm_IRQHandler                      0x0800015f   Thumb Code     0  startup_stm32f10x_hd.o(.text)
    RTC_IRQHandler                           0x0800015f   Thumb Code     0  startup_stm32f10x_hd.o(.text)
    SDIO_IRQHandler                          0x0800015f   Thumb Code     0  startup_stm32f10x_hd.o(.text)
    SPI1_IRQHandler                          0x0800015f   Thumb Code     0  startup_stm32f10x_hd.o(.text)
    SPI2_IRQHandler                          0x0800015f   Thumb Code     0  startup_stm32f10x_hd.o(.text)
    SPI3_IRQHandler                          0x0800015f   Thumb Code     0  startup_stm32f10x_hd.o(.text)
    TAMPER_IRQHandler                        0x0800015f   Thumb Code     0  startup_stm32f10x_hd.o(.text)
    TIM1_BRK_IRQHandler                      0x0800015f   Thumb Code     0  startup_stm32f10x_hd.o(.text)
    TIM1_CC_IRQHandler                       0x0800015f   Thumb Code     0  startup_stm32f10x_hd.o(.text)
    TIM1_TRG_COM_IRQHandler                  0x0800015f   Thumb Code     0  startup_stm32f10x_hd.o(.text)
    TIM1_UP_IRQHandler                       0x0800015f   Thumb Code     0  startup_stm32f10x_hd.o(.text)
    TIM2_IRQHandler                          0x0800015f   Thumb Code     0  startup_stm32f10x_hd.o(.text)
    TIM3_IRQHandler                          0x0800015f   Thumb Code     0  startup_stm32f10x_hd.o(.text)
    TIM4_IRQHandler                          0x0800015f   Thumb Code     0  startup_stm32f10x_hd.o(.text)
    TIM5_IRQHandler                          0x0800015f   Thumb Code     0  startup_stm32f10x_hd.o(.text)
    TIM6_IRQHandler                          0x0800015f   Thumb Code     0  startup_stm32f10x_hd.o(.text)
    TIM7_IRQHandler                          0x0800015f   Thumb Code     0  startup_stm32f10x_hd.o(.text)
    TIM8_BRK_IRQHandler                      0x0800015f   Thumb Code     0  startup_stm32f10x_hd.o(.text)
    TIM8_CC_IRQHandler                       0x0800015f   Thumb Code     0  startup_stm32f10x_hd.o(.text)
    TIM8_TRG_COM_IRQHandler                  0x0800015f   Thumb Code     0  startup_stm32f10x_hd.o(.text)
    TIM8_UP_IRQHandler                       0x0800015f   Thumb Code     0  startup_stm32f10x_hd.o(.text)
    UART4_IRQHandler                         0x0800015f   Thumb Code     0  startup_stm32f10x_hd.o(.text)
    UART5_IRQHandler                         0x0800015f   Thumb Code     0  startup_stm32f10x_hd.o(.text)
    USART1_IRQHandler                        0x0800015f   Thumb Code     0  startup_stm32f10x_hd.o(.text)
    USART2_IRQHandler                        0x0800015f   Thumb Code     0  startup_stm32f10x_hd.o(.text)
    USART3_IRQHandler                        0x0800015f   Thumb Code     0  startup_stm32f10x_hd.o(.text)
    USBWakeUp_IRQHandler                     0x0800015f   Thumb Code     0  startup_stm32f10x_hd.o(.text)
    USB_HP_CAN1_TX_IRQHandler                0x0800015f   Thumb Code     0  startup_stm32f10x_hd.o(.text)
    USB_LP_CAN1_RX0_IRQHandler               0x0800015f   Thumb Code     0  startup_stm32f10x_hd.o(.text)
    WWDG_IRQHandler                          0x0800015f   Thumb Code     0  startup_stm32f10x_hd.o(.text)
    atoi                                     0x08000169   Thumb Code    26  atoi.o(.text)
    __aeabi_dadd                             0x08000183   Thumb Code   322  dadd.o(.text)
    __aeabi_dsub                             0x080002c5   Thumb Code     6  dadd.o(.text)
    __aeabi_drsub                            0x080002cb   Thumb Code     6  dadd.o(.text)
    __aeabi_ddiv                             0x080002d1   Thumb Code   222  ddiv.o(.text)
    __aeabi_i2d                              0x080003af   Thumb Code    34  dflti.o(.text)
    __aeabi_d2uiz                            0x080003d1   Thumb Code    50  dfixui.o(.text)
    __aeabi_llsl                             0x08000403   Thumb Code    30  llshl.o(.text)
    _ll_shift_l                              0x08000403   Thumb Code     0  llshl.o(.text)
    __aeabi_llsr                             0x08000421   Thumb Code    32  llushr.o(.text)
    _ll_ushift_r                             0x08000421   Thumb Code     0  llushr.o(.text)
    __aeabi_lasr                             0x08000441   Thumb Code    36  llsshr.o(.text)
    _ll_sshift_r                             0x08000441   Thumb Code     0  llsshr.o(.text)
    strtol                                   0x08000465   Thumb Code   112  strtol.o(.text)
    __I$use$fp                               0x080004d5   Thumb Code     0  iusefp.o(.text)
    _double_round                            0x080004d5   Thumb Code    30  depilogue.o(.text)
    _double_epilogue                         0x080004f3   Thumb Code   156  depilogue.o(.text)
    __scatterload                            0x08000591   Thumb Code    28  init.o(.text)
    __scatterload_rt2                        0x08000591   Thumb Code     0  init.o(.text)
    __rt_ctype_table                         0x080005b5   Thumb Code     4  ctype_o.o(.text)
    _strtoul                                 0x080005bd   Thumb Code   158  _strtoul.o(.text)
    _chval                                   0x0800065b   Thumb Code    28  _chval.o(.text)
    BusFault_Handler                         0x08000677   Thumb Code     4  stm32f10x_it.o(i.BusFault_Handler)
    DebugMon_Handler                         0x0800067b   Thumb Code     2  stm32f10x_it.o(i.DebugMon_Handler)
    Delay_Init                               0x0800067d   Thumb Code    84  delay.o(i.Delay_Init)
    Delay_ms                                 0x080006dd   Thumb Code    16  delay.o(i.Delay_ms)
    FLASH_ErasePage                          0x080006f1   Thumb Code    72  stm32f10x_flash.o(i.FLASH_ErasePage)
    FLASH_GetBank1Status                     0x0800073d   Thumb Code    48  stm32f10x_flash.o(i.FLASH_GetBank1Status)
    FLASH_Lock                               0x08000771   Thumb Code    14  stm32f10x_flash.o(i.FLASH_Lock)
    FLASH_ProgramHalfWord                    0x08000785   Thumb Code    60  stm32f10x_flash.o(i.FLASH_ProgramHalfWord)
    FLASH_Unlock                             0x080007c5   Thumb Code    12  stm32f10x_flash.o(i.FLASH_Unlock)
    FLASH_WaitForLastOperation               0x080007dd   Thumb Code    38  stm32f10x_flash.o(i.FLASH_WaitForLastOperation)
    GPIO_Configuration                       0x08000805   Thumb Code   120  motordrive.o(i.GPIO_Configuration)
    GPIO_Init                                0x08000889   Thumb Code   278  stm32f10x_gpio.o(i.GPIO_Init)
    GPIO_PinRemapConfig                      0x080009a1   Thumb Code   138  stm32f10x_gpio.o(i.GPIO_PinRemapConfig)
    GPIO_ReadInputDataBit                    0x08000a31   Thumb Code    18  stm32f10x_gpio.o(i.GPIO_ReadInputDataBit)
    GPIO_ResetBits                           0x08000a43   Thumb Code     4  stm32f10x_gpio.o(i.GPIO_ResetBits)
    GPIO_SetBits                             0x08000a47   Thumb Code     4  stm32f10x_gpio.o(i.GPIO_SetBits)
    HardFault_Handler                        0x08000a4b   Thumb Code     4  stm32f10x_it.o(i.HardFault_Handler)
    I2C_CheckEvent                           0x08000a4f   Thumb Code    42  stm32f10x_i2c.o(i.I2C_CheckEvent)
    I2C_Cmd                                  0x08000a79   Thumb Code    24  stm32f10x_i2c.o(i.I2C_Cmd)
    I2C_Configuration                        0x08000a91   Thumb Code   110  i2c.o(i.I2C_Configuration)
    I2C_DeInit                               0x08000b0d   Thumb Code    50  stm32f10x_i2c.o(i.I2C_DeInit)
    I2C_GenerateSTART                        0x08000b45   Thumb Code    24  stm32f10x_i2c.o(i.I2C_GenerateSTART)
    I2C_GenerateSTOP                         0x08000b5d   Thumb Code    24  stm32f10x_i2c.o(i.I2C_GenerateSTOP)
    I2C_GetFlagStatus                        0x08000b75   Thumb Code    58  stm32f10x_i2c.o(i.I2C_GetFlagStatus)
    I2C_Init                                 0x08000bb1   Thumb Code   222  stm32f10x_i2c.o(i.I2C_Init)
    I2C_Send7bitAddress                      0x08000c9d   Thumb Code    18  stm32f10x_i2c.o(i.I2C_Send7bitAddress)
    I2C_SendData                             0x08000caf   Thumb Code     4  stm32f10x_i2c.o(i.I2C_SendData)
    I2C_WriteByte                            0x08000cb5   Thumb Code   126  i2c.o(i.I2C_WriteByte)
    Input_Init                               0x08000d41   Thumb Code   100  input.o(i.Input_Init)
    Input_data                               0x08000db1   Thumb Code   316  action.o(i.Input_data)
    Input_display                            0x08000ef9   Thumb Code   334  action.o(i.Input_display)
    Int_To_Str                               0x08001099   Thumb Code    88  i2c.o(i.Int_To_Str)
    KEY_Init                                 0x080010f1   Thumb Code    38  key.o(i.KEY_Init)
    LED_Init                                 0x0800111d   Thumb Code    68  led.o(i.LED_Init)
    MemManage_Handler                        0x08001165   Thumb Code     4  stm32f10x_it.o(i.MemManage_Handler)
    NMI_Handler                              0x08001169   Thumb Code     2  stm32f10x_it.o(i.NMI_Handler)
    OLED_CLS                                 0x0800116b   Thumb Code    10  i2c.o(i.OLED_CLS)
    OLED_Fill                                0x08001175   Thumb Code    58  i2c.o(i.OLED_Fill)
    OLED_Init                                0x080011af   Thumb Code   178  i2c.o(i.OLED_Init)
    OLED_SetPos                              0x08001261   Thumb Code    40  i2c.o(i.OLED_SetPos)
    OLED_ShowNum                             0x08001289   Thumb Code    32  i2c.o(i.OLED_ShowNum)
    OLED_ShowStr                             0x080012a9   Thumb Code   266  i2c.o(i.OLED_ShowStr)
    PendSV_Handler                           0x080013b9   Thumb Code     2  stm32f10x_it.o(i.PendSV_Handler)
    RCC_APB1PeriphClockCmd                   0x080013bd   Thumb Code    26  stm32f10x_rcc.o(i.RCC_APB1PeriphClockCmd)
    RCC_APB1PeriphResetCmd                   0x080013dd   Thumb Code    26  stm32f10x_rcc.o(i.RCC_APB1PeriphResetCmd)
    RCC_APB2PeriphClockCmd                   0x080013fd   Thumb Code    26  stm32f10x_rcc.o(i.RCC_APB2PeriphClockCmd)
    RCC_GetClocksFreq                        0x0800141d   Thumb Code   192  stm32f10x_rcc.o(i.RCC_GetClocksFreq)
    STMFLASH_Read                            0x080014f1   Thumb Code    34  eeprom.o(i.STMFLASH_Read)
    STMFLASH_ReadHalfWord                    0x08001513   Thumb Code     6  eeprom.o(i.STMFLASH_ReadHalfWord)
    STMFLASH_Write                           0x08001519   Thumb Code   222  eeprom.o(i.STMFLASH_Write)
    STMFLASH_Write_NoCheck                   0x08001601   Thumb Code    38  eeprom.o(i.STMFLASH_Write_NoCheck)
    SVC_Handler                              0x08001627   Thumb Code     2  stm32f10x_it.o(i.SVC_Handler)
    Shooting_go                              0x08001711   Thumb Code    88  action.o(i.Shooting_go)
    Swallowing                               0x0800177d   Thumb Code    68  action.o(i.Swallowing)
    SysTick_Handler                          0x080017cd   Thumb Code     8  stm32f10x_it.o(i.SysTick_Handler)
    SystemInit                               0x080017d5   Thumb Code    78  system_stm32f10x.o(i.SystemInit)
    TIM1_PWM_Init                            0x08001835   Thumb Code   148  servo.o(i.TIM1_PWM_Init)
    TIM8_PWM_Init                            0x080018d1   Thumb Code   178  motordrive.o(i.TIM8_PWM_Init)
    TIM_Cmd                                  0x0800198d   Thumb Code    24  stm32f10x_tim.o(i.TIM_Cmd)
    TIM_CtrlPWMOutputs                       0x080019a5   Thumb Code    30  stm32f10x_tim.o(i.TIM_CtrlPWMOutputs)
    TIM_OC1Init                              0x080019c5   Thumb Code   132  stm32f10x_tim.o(i.TIM_OC1Init)
    TIM_OC1PreloadConfig                     0x08001a5d   Thumb Code    18  stm32f10x_tim.o(i.TIM_OC1PreloadConfig)
    TIM_OC2Init                              0x08001a71   Thumb Code   154  stm32f10x_tim.o(i.TIM_OC2Init)
    TIM_OC3Init                              0x08001b15   Thumb Code   150  stm32f10x_tim.o(i.TIM_OC3Init)
    TIM_OC3PreloadConfig                     0x08001bb5   Thumb Code    18  stm32f10x_tim.o(i.TIM_OC3PreloadConfig)
    TIM_OC4Init                              0x08001bc9   Thumb Code   114  stm32f10x_tim.o(i.TIM_OC4Init)
    TIM_SetCompare1                          0x08001c45   Thumb Code     4  stm32f10x_tim.o(i.TIM_SetCompare1)
    TIM_SetCompare2                          0x08001c49   Thumb Code     4  stm32f10x_tim.o(i.TIM_SetCompare2)
    TIM_SetCompare3                          0x08001c4d   Thumb Code     4  stm32f10x_tim.o(i.TIM_SetCompare3)
    TIM_SetCompare4                          0x08001c51   Thumb Code     6  stm32f10x_tim.o(i.TIM_SetCompare4)
    TIM_TimeBaseInit                         0x08001c59   Thumb Code   122  stm32f10x_tim.o(i.TIM_TimeBaseInit)
    TimingDelay_Decrement                    0x08001cfd   Thumb Code    18  delay.o(i.TimingDelay_Decrement)
    UsageFault_Handler                       0x08001d15   Thumb Code     4  stm32f10x_it.o(i.UsageFault_Handler)
    User_KEY_Init                            0x08001d19   Thumb Code    68  key.o(i.User_KEY_Init)
    User_KEY_Scan_1                          0x08001d65   Thumb Code   110  key.o(i.User_KEY_Scan_1)
    User_KEY_Scan_2                          0x08001ddd   Thumb Code   116  key.o(i.User_KEY_Scan_2)
    User_KEY_Scan_3                          0x08001e5d   Thumb Code   116  key.o(i.User_KEY_Scan_3)
    WriteCmd                                 0x08001ed9   Thumb Code    14  i2c.o(i.WriteCmd)
    WriteDat                                 0x08001ee7   Thumb Code    14  i2c.o(i.WriteDat)
    __aeabi_errno_addr                       0x08001ef5   Thumb Code     4  errno.o(i.__aeabi_errno_addr)
    __rt_errno_addr                          0x08001ef5   Thumb Code     0  errno.o(i.__aeabi_errno_addr)
    __scatterload_copy                       0x08001efd   Thumb Code    14  handlers.o(i.__scatterload_copy)
    __scatterload_null                       0x08001f0b   Thumb Code     2  handlers.o(i.__scatterload_null)
    __scatterload_zeroinit                   0x08001f0d   Thumb Code    14  handlers.o(i.__scatterload_zeroinit)
    main                                     0x08001f1d   Thumb Code   156  main.o(i.main)
    servo_angle                              0x08001fd1   Thumb Code   134  servo.o(i.servo_angle)
    F8X16                                    0x08002064   Data        1520  i2c.o(.constdata)
    __ctype_table                            0x08002654   Data         129  ctype_o.o(.constdata)
    Region$$Table$$Base                      0x080026dc   Number         0  anon$$obj.o(Region$$Table)
    Region$$Table$$Limit                     0x080026fc   Number         0  anon$$obj.o(Region$$Table)
    temp_data_1                              0x20000008   Data           4  action.o(.data)
    temp_data_2                              0x2000000c   Data           4  action.o(.data)
    data_1_char                              0x20000010   Data           3  action.o(.data)
    data_2_char                              0x20000013   Data           3  action.o(.data)
    key_1                                    0x20000018   Data           4  action.o(.data)
    key_2                                    0x2000001c   Data           4  action.o(.data)
    key_3                                    0x20000020   Data           4  action.o(.data)
    input_state                              0x20000024   Data           4  action.o(.data)
    SystemCoreClock                          0x20000028   Data           4  system_stm32f10x.o(.data)
    AHBPrescTable                            0x2000002c   Data          16  system_stm32f10x.o(.data)
    STMFLASH_BUF                             0x20000054   Data        2048  eeprom.o(.bss)
    __initial_sp                             0x20000c58   Data           0  startup_stm32f10x_hd.o(STACK)



==============================================================================

Memory Map of the image

  Image Entry point : 0x08000131

  Load Region LR_IROM1 (Base: 0x08000000, Size: 0x00002750, Max: 0x00080000, ABSOLUTE)

    Execution Region ER_IROM1 (Exec base: 0x08000000, Load base: 0x08000000, Size: 0x000026fc, Max: 0x00080000, ABSOLUTE)

    Exec Addr    Load Addr    Size         Type   Attr      Idx    E Section Name        Object

    0x08000000   0x08000000   0x00000130   Data   RO          698    RESET               startup_stm32f10x_hd.o
    0x08000130   0x08000130   0x00000000   Code   RO         3705  * .ARM.Collect$$$$00000000  mc_w.l(entry.o)
    0x08000130   0x08000130   0x00000004   Code   RO         3718    .ARM.Collect$$$$00000001  mc_w.l(entry2.o)
    0x08000134   0x08000134   0x00000004   Code   RO         3721    .ARM.Collect$$$$00000004  mc_w.l(entry5.o)
    0x08000138   0x08000138   0x00000000   Code   RO         3723    .ARM.Collect$$$$00000008  mc_w.l(entry7b.o)
    0x08000138   0x08000138   0x00000000   Code   RO         3725    .ARM.Collect$$$$0000000A  mc_w.l(entry8b.o)
    0x08000138   0x08000138   0x00000008   Code   RO         3726    .ARM.Collect$$$$0000000B  mc_w.l(entry9a.o)
    0x08000140   0x08000140   0x00000000   Code   RO         3728    .ARM.Collect$$$$0000000D  mc_w.l(entry10a.o)
    0x08000140   0x08000140   0x00000000   Code   RO         3730    .ARM.Collect$$$$0000000F  mc_w.l(entry11a.o)
    0x08000140   0x08000140   0x00000004   Code   RO         3719    .ARM.Collect$$$$00002712  mc_w.l(entry2.o)
    0x08000144   0x08000144   0x00000024   Code   RO          699    .text               startup_stm32f10x_hd.o
    0x08000168   0x08000168   0x0000001a   Code   RO         3708    .text               mc_w.l(atoi.o)
    0x08000182   0x08000182   0x0000014e   Code   RO         3710    .text               mf_w.l(dadd.o)
    0x080002d0   0x080002d0   0x000000de   Code   RO         3712    .text               mf_w.l(ddiv.o)
    0x080003ae   0x080003ae   0x00000022   Code   RO         3714    .text               mf_w.l(dflti.o)
    0x080003d0   0x080003d0   0x00000032   Code   RO         3716    .text               mf_w.l(dfixui.o)
    0x08000402   0x08000402   0x0000001e   Code   RO         3732    .text               mc_w.l(llshl.o)
    0x08000420   0x08000420   0x00000020   Code   RO         3734    .text               mc_w.l(llushr.o)
    0x08000440   0x08000440   0x00000024   Code   RO         3736    .text               mc_w.l(llsshr.o)
    0x08000464   0x08000464   0x00000070   Code   RO         3745    .text               mc_w.l(strtol.o)
    0x080004d4   0x080004d4   0x00000000   Code   RO         3747    .text               mc_w.l(iusefp.o)
    0x080004d4   0x080004d4   0x000000ba   Code   RO         3748    .text               mf_w.l(depilogue.o)
    0x0800058e   0x0800058e   0x00000002   PAD
    0x08000590   0x08000590   0x00000024   Code   RO         3750    .text               mc_w.l(init.o)
    0x080005b4   0x080005b4   0x00000008   Code   RO         3752    .text               mc_w.l(ctype_o.o)
    0x080005bc   0x080005bc   0x0000009e   Code   RO         3780    .text               mc_w.l(_strtoul.o)
    0x0800065a   0x0800065a   0x0000001c   Code   RO         3782    .text               mc_w.l(_chval.o)
    0x08000676   0x08000676   0x00000004   Code   RO          149    i.BusFault_Handler  stm32f10x_it.o
    0x0800067a   0x0800067a   0x00000002   Code   RO          150    i.DebugMon_Handler  stm32f10x_it.o
    0x0800067c   0x0800067c   0x00000060   Code   RO          295    i.Delay_Init        delay.o
    0x080006dc   0x080006dc   0x00000014   Code   RO          296    i.Delay_ms          delay.o
    0x080006f0   0x080006f0   0x0000004c   Code   RO         2088    i.FLASH_ErasePage   stm32f10x_flash.o
    0x0800073c   0x0800073c   0x00000034   Code   RO         2089    i.FLASH_GetBank1Status  stm32f10x_flash.o
    0x08000770   0x08000770   0x00000014   Code   RO         2098    i.FLASH_Lock        stm32f10x_flash.o
    0x08000784   0x08000784   0x00000040   Code   RO         2101    i.FLASH_ProgramHalfWord  stm32f10x_flash.o
    0x080007c4   0x080007c4   0x00000018   Code   RO         2106    i.FLASH_Unlock      stm32f10x_flash.o
    0x080007dc   0x080007dc   0x00000026   Code   RO         2110    i.FLASH_WaitForLastOperation  stm32f10x_flash.o
    0x08000802   0x08000802   0x00000002   PAD
    0x08000804   0x08000804   0x00000084   Code   RO          438    i.GPIO_Configuration  motordrive.o
    0x08000888   0x08000888   0x00000116   Code   RO          780    i.GPIO_Init         stm32f10x_gpio.o
    0x0800099e   0x0800099e   0x00000002   PAD
    0x080009a0   0x080009a0   0x00000090   Code   RO          782    i.GPIO_PinRemapConfig  stm32f10x_gpio.o
    0x08000a30   0x08000a30   0x00000012   Code   RO          784    i.GPIO_ReadInputDataBit  stm32f10x_gpio.o
    0x08000a42   0x08000a42   0x00000004   Code   RO          787    i.GPIO_ResetBits    stm32f10x_gpio.o
    0x08000a46   0x08000a46   0x00000004   Code   RO          788    i.GPIO_SetBits      stm32f10x_gpio.o
    0x08000a4a   0x08000a4a   0x00000004   Code   RO          151    i.HardFault_Handler  stm32f10x_it.o
    0x08000a4e   0x08000a4e   0x0000002a   Code   RO         2380    i.I2C_CheckEvent    stm32f10x_i2c.o
    0x08000a78   0x08000a78   0x00000018   Code   RO         2383    i.I2C_Cmd           stm32f10x_i2c.o
    0x08000a90   0x08000a90   0x0000007c   Code   RO          474    i.I2C_Configuration  i2c.o
    0x08000b0c   0x08000b0c   0x00000038   Code   RO         2386    i.I2C_DeInit        stm32f10x_i2c.o
    0x08000b44   0x08000b44   0x00000018   Code   RO         2390    i.I2C_GenerateSTART  stm32f10x_i2c.o
    0x08000b5c   0x08000b5c   0x00000018   Code   RO         2391    i.I2C_GenerateSTOP  stm32f10x_i2c.o
    0x08000b74   0x08000b74   0x0000003a   Code   RO         2392    i.I2C_GetFlagStatus  stm32f10x_i2c.o
    0x08000bae   0x08000bae   0x00000002   PAD
    0x08000bb0   0x08000bb0   0x000000ec   Code   RO         2397    i.I2C_Init          stm32f10x_i2c.o
    0x08000c9c   0x08000c9c   0x00000012   Code   RO         2404    i.I2C_Send7bitAddress  stm32f10x_i2c.o
    0x08000cae   0x08000cae   0x00000004   Code   RO         2405    i.I2C_SendData      stm32f10x_i2c.o
    0x08000cb2   0x08000cb2   0x00000002   PAD
    0x08000cb4   0x08000cb4   0x0000008c   Code   RO          475    i.I2C_WriteByte     i2c.o
    0x08000d40   0x08000d40   0x00000070   Code   RO          606    i.Input_Init        input.o
    0x08000db0   0x08000db0   0x00000148   Code   RO          622    i.Input_data        action.o
    0x08000ef8   0x08000ef8   0x000001a0   Code   RO          623    i.Input_display     action.o
    0x08001098   0x08001098   0x00000058   Code   RO          476    i.Int_To_Str        i2c.o
    0x080010f0   0x080010f0   0x0000002c   Code   RO          359    i.KEY_Init          key.o
    0x0800111c   0x0800111c   0x00000048   Code   RO          402    i.LED_Init          led.o
    0x08001164   0x08001164   0x00000004   Code   RO          152    i.MemManage_Handler  stm32f10x_it.o
    0x08001168   0x08001168   0x00000002   Code   RO          153    i.NMI_Handler       stm32f10x_it.o
    0x0800116a   0x0800116a   0x0000000a   Code   RO          477    i.OLED_CLS          i2c.o
    0x08001174   0x08001174   0x0000003a   Code   RO          479    i.OLED_Fill         i2c.o
    0x080011ae   0x080011ae   0x000000b2   Code   RO          480    i.OLED_Init         i2c.o
    0x08001260   0x08001260   0x00000028   Code   RO          483    i.OLED_SetPos       i2c.o
    0x08001288   0x08001288   0x00000020   Code   RO          484    i.OLED_ShowNum      i2c.o
    0x080012a8   0x080012a8   0x00000110   Code   RO          485    i.OLED_ShowStr      i2c.o
    0x080013b8   0x080013b8   0x00000002   Code   RO          154    i.PendSV_Handler    stm32f10x_it.o
    0x080013ba   0x080013ba   0x00000002   PAD
    0x080013bc   0x080013bc   0x00000020   Code   RO          890    i.RCC_APB1PeriphClockCmd  stm32f10x_rcc.o
    0x080013dc   0x080013dc   0x00000020   Code   RO          891    i.RCC_APB1PeriphResetCmd  stm32f10x_rcc.o
    0x080013fc   0x080013fc   0x00000020   Code   RO          892    i.RCC_APB2PeriphClockCmd  stm32f10x_rcc.o
    0x0800141c   0x0800141c   0x000000d4   Code   RO          900    i.RCC_GetClocksFreq  stm32f10x_rcc.o
    0x080014f0   0x080014f0   0x00000022   Code   RO          567    i.STMFLASH_Read     eeprom.o
    0x08001512   0x08001512   0x00000006   Code   RO          568    i.STMFLASH_ReadHalfWord  eeprom.o
    0x08001518   0x08001518   0x000000e8   Code   RO          569    i.STMFLASH_Write    eeprom.o
    0x08001600   0x08001600   0x00000026   Code   RO          570    i.STMFLASH_Write_NoCheck  eeprom.o
    0x08001626   0x08001626   0x00000002   Code   RO          155    i.SVC_Handler       stm32f10x_it.o
    0x08001628   0x08001628   0x00000008   Code   RO          704    i.SetSysClock       system_stm32f10x.o
    0x08001630   0x08001630   0x000000e0   Code   RO          705    i.SetSysClockTo72   system_stm32f10x.o
    0x08001710   0x08001710   0x0000006c   Code   RO          626    i.Shooting_go       action.o
    0x0800177c   0x0800177c   0x00000050   Code   RO          628    i.Swallowing        action.o
    0x080017cc   0x080017cc   0x00000008   Code   RO          156    i.SysTick_Handler   stm32f10x_it.o
    0x080017d4   0x080017d4   0x00000060   Code   RO          707    i.SystemInit        system_stm32f10x.o
    0x08001834   0x08001834   0x0000009c   Code   RO          456    i.TIM1_PWM_Init     servo.o
    0x080018d0   0x080018d0   0x000000bc   Code   RO          439    i.TIM8_PWM_Init     motordrive.o
    0x0800198c   0x0800198c   0x00000018   Code   RO         3119    i.TIM_Cmd           stm32f10x_tim.o
    0x080019a4   0x080019a4   0x0000001e   Code   RO         3121    i.TIM_CtrlPWMOutputs  stm32f10x_tim.o
    0x080019c2   0x080019c2   0x00000002   PAD
    0x080019c4   0x080019c4   0x00000098   Code   RO         3148    i.TIM_OC1Init       stm32f10x_tim.o
    0x08001a5c   0x08001a5c   0x00000012   Code   RO         3151    i.TIM_OC1PreloadConfig  stm32f10x_tim.o
    0x08001a6e   0x08001a6e   0x00000002   PAD
    0x08001a70   0x08001a70   0x000000a4   Code   RO         3153    i.TIM_OC2Init       stm32f10x_tim.o
    0x08001b14   0x08001b14   0x000000a0   Code   RO         3158    i.TIM_OC3Init       stm32f10x_tim.o
    0x08001bb4   0x08001bb4   0x00000012   Code   RO         3161    i.TIM_OC3PreloadConfig  stm32f10x_tim.o
    0x08001bc6   0x08001bc6   0x00000002   PAD
    0x08001bc8   0x08001bc8   0x0000007c   Code   RO         3163    i.TIM_OC4Init       stm32f10x_tim.o
    0x08001c44   0x08001c44   0x00000004   Code   RO         3180    i.TIM_SetCompare1   stm32f10x_tim.o
    0x08001c48   0x08001c48   0x00000004   Code   RO         3181    i.TIM_SetCompare2   stm32f10x_tim.o
    0x08001c4c   0x08001c4c   0x00000004   Code   RO         3182    i.TIM_SetCompare3   stm32f10x_tim.o
    0x08001c50   0x08001c50   0x00000006   Code   RO         3183    i.TIM_SetCompare4   stm32f10x_tim.o
    0x08001c56   0x08001c56   0x00000002   PAD
    0x08001c58   0x08001c58   0x000000a4   Code   RO         3190    i.TIM_TimeBaseInit  stm32f10x_tim.o
    0x08001cfc   0x08001cfc   0x00000018   Code   RO          297    i.TimingDelay_Decrement  delay.o
    0x08001d14   0x08001d14   0x00000004   Code   RO          157    i.UsageFault_Handler  stm32f10x_it.o
    0x08001d18   0x08001d18   0x0000004c   Code   RO          361    i.User_KEY_Init     key.o
    0x08001d64   0x08001d64   0x00000078   Code   RO          362    i.User_KEY_Scan_1   key.o
    0x08001ddc   0x08001ddc   0x00000080   Code   RO          363    i.User_KEY_Scan_2   key.o
    0x08001e5c   0x08001e5c   0x0000007c   Code   RO          364    i.User_KEY_Scan_3   key.o
    0x08001ed8   0x08001ed8   0x0000000e   Code   RO          486    i.WriteCmd          i2c.o
    0x08001ee6   0x08001ee6   0x0000000e   Code   RO          487    i.WriteDat          i2c.o
    0x08001ef4   0x08001ef4   0x00000008   Code   RO         3738    i.__aeabi_errno_addr  mc_w.l(errno.o)
    0x08001efc   0x08001efc   0x0000000e   Code   RO         3786    i.__scatterload_copy  mc_w.l(handlers.o)
    0x08001f0a   0x08001f0a   0x00000002   Code   RO         3787    i.__scatterload_null  mc_w.l(handlers.o)
    0x08001f0c   0x08001f0c   0x0000000e   Code   RO         3788    i.__scatterload_zeroinit  mc_w.l(handlers.o)
    0x08001f1a   0x08001f1a   0x00000002   PAD
    0x08001f1c   0x08001f1c   0x000000b4   Code   RO            1    i.main              main.o
    0x08001fd0   0x08001fd0   0x00000094   Code   RO          457    i.servo_angle       servo.o
    0x08002064   0x08002064   0x000005f0   Data   RO          488    .constdata          i2c.o
    0x08002654   0x08002654   0x00000081   Data   RO         3753    .constdata          mc_w.l(ctype_o.o)
    0x080026d5   0x080026d5   0x00000003   PAD
    0x080026d8   0x080026d8   0x00000004   Data   RO         3754    .constdata          mc_w.l(ctype_o.o)
    0x080026dc   0x080026dc   0x00000020   Data   RO         3784    Region$$Table       anon$$obj.o


    Execution Region RW_IRAM1 (Exec base: 0x20000000, Load base: 0x080026fc, Size: 0x00000c58, Max: 0x00010000, ABSOLUTE)

    Exec Addr    Load Addr    Size         Type   Attr      Idx    E Section Name        Object

    0x20000000   0x080026fc   0x00000004   Data   RW          298    .data               delay.o
    0x20000004   0x08002700   0x00000003   Data   RW          365    .data               key.o
    0x20000007   0x08002703   0x00000001   PAD
    0x20000008   0x08002704   0x00000020   Data   RW          629    .data               action.o
    0x20000028   0x08002724   0x00000014   Data   RW          708    .data               system_stm32f10x.o
    0x2000003c   0x08002738   0x00000014   Data   RW          920    .data               stm32f10x_rcc.o
    0x20000050   0x0800274c   0x00000004   Data   RW         3741    .data               mc_w.l(errno.o)
    0x20000054        -       0x00000800   Zero   RW          572    .bss                eeprom.o
    0x20000854   0x08002750   0x00000004   PAD
    0x20000858        -       0x00000400   Zero   RW          696    STACK               startup_stm32f10x_hd.o


==============================================================================

Image component sizes


      Code (inc. data)   RO Data    RW Data    ZI Data      Debug   Object Name

       932        126          0         32          0       3480   action.o
       140         22          0          4          0      17283   delay.o
       310         10          0          0       2048       3493   eeprom.o
       970         34       1520          0          0       7474   i2c.o
       112         12          0          0          0        529   input.o
       492         44          0          3          0       3013   key.o
        72          4          0          0          0        519   led.o
       180         32          0          0          0     237199   main.o
       320         22          0          0          0       1389   motordrive.o
       304         22          0          0          0       1438   servo.o
        36          8        304          0       1024        944   startup_stm32f10x_hd.o
       274         30          0          0          0       3710   stm32f10x_flash.o
       448          6          0          0          0       4790   stm32f10x_gpio.o
       486         20          0          0          0       7635   stm32f10x_i2c.o
        32          0          0          0          0     259390   stm32f10x_it.o
       308         38          0         20          0       5287   stm32f10x_rcc.o
       872         92          0          0          0       9148   stm32f10x_tim.o
       328         28          0         20          0       2605   system_stm32f10x.o

    ----------------------------------------------------------------------
      6634        550       1856         80       3076     569326   Object Totals
         0          0         32          0          0          0   (incl. Generated)
        18          0          0          1          4          0   (incl. Padding)

    ----------------------------------------------------------------------

      Code (inc. data)   RO Data    RW Data    ZI Data      Debug   Library Member Name

        28          0          0          0          0         68   _chval.o
       158          0          0          0          0         92   _strtoul.o
        26          0          0          0          0         80   atoi.o
         8          4        133          0          0         68   ctype_o.o
         0          0          0          0          0          0   entry.o
         0          0          0          0          0          0   entry10a.o
         0          0          0          0          0          0   entry11a.o
         8          4          0          0          0          0   entry2.o
         4          0          0          0          0          0   entry5.o
         0          0          0          0          0          0   entry7b.o
         0          0          0          0          0          0   entry8b.o
         8          4          0          0          0          0   entry9a.o
         8          4          0          4          0         68   errno.o
        30          0          0          0          0          0   handlers.o
        36          8          0          0          0         68   init.o
         0          0          0          0          0          0   iusefp.o
        30          0          0          0          0         68   llshl.o
        36          0          0          0          0         68   llsshr.o
        32          0          0          0          0         68   llushr.o
       112          0          0          0          0         88   strtol.o
       334          0          0          0          0        148   dadd.o
       222          0          0          0          0        100   ddiv.o
       186          0          0          0          0        176   depilogue.o
        50          0          0          0          0         76   dfixui.o
        34          0          0          0          0         76   dflti.o

    ----------------------------------------------------------------------
      1354         24        136          4          0       1312   Library Totals
         4          0          3          0          0          0   (incl. Padding)

    ----------------------------------------------------------------------

      Code (inc. data)   RO Data    RW Data    ZI Data      Debug   Library Name

       524         24        133          4          0        736   mc_w.l
       826          0          0          0          0        576   mf_w.l

    ----------------------------------------------------------------------
      1354         24        136          4          0       1312   Library Totals

    ----------------------------------------------------------------------

==============================================================================


      Code (inc. data)   RO Data    RW Data    ZI Data      Debug   

      7988        574       1992         84       3076     566058   Grand Totals
      7988        574       1992         84       3076     566058   ELF Image Totals
      7988        574       1992         84          0          0   ROM Totals

==============================================================================

    Total RO  Size (Code + RO Data)                 9980 (   9.75kB)
    Total RW  Size (RW Data + ZI Data)              3160 (   3.09kB)
    Total ROM Size (Code + RO Data + RW Data)      10064 (   9.83kB)

==============================================================================

